Component: ARM Compiler 5.06 update 6 (build 750) Tool: armlink [4d35ed]

==============================================================================

Section Cross References

    main.o(.text) refers to sys.o(.text) for Stm32_Clock_Init
    main.o(.text) refers to delay.o(.text) for delay_init
    main.o(.text) refers to led.o(.text) for led_init
    main.o(.text) refers to usart.o(.text) for uart_init
    main.o(.text) refers to usart3.o(.text) for uart3_init
    main.o(.text) refers to oled.o(.text) for OLED_Init
    main.o(.text) refers to adc.o(.text) for Adc_Init
    main.o(.text) refers to motor.o(.text) for MiniBalance_PWM_Init
    main.o(.text) refers to encoder.o(.text) for Encoder_Init_TIM2
    main.o(.text) refers to ioi2c.o(.text) for IIC_Init
    main.o(.text) refers to mpu6050.o(.text) for MPU6050_initialize
    main.o(.text) refers to timer.o(.text) for Timer1_Init
    main.o(.text) refers to show.o(.text) for oled_show
    system_stm32f10x.o(.text) refers to system_stm32f10x.o(.data) for SystemCoreClock
    delay.o(.text) refers to delay.o(.data) for fac_us
    sys.o(.text) refers to sys.o(.emb_text) for WFI_SET
    usart.o(.text) refers (Special) to use_no_semi_2.o(.text) for __use_no_semihosting
    usart.o(.text) refers to fflt_clz.o(x$fpl$ffltu) for __aeabi_ui2f
    usart.o(.text) refers to fdiv.o(x$fpl$fdiv) for __aeabi_fdiv
    usart.o(.text) refers to ffixu.o(x$fpl$ffixu) for __aeabi_f2uiz
    usart.o(.text) refers to faddsub_clz.o(x$fpl$frsb) for __aeabi_frsub
    usart.o(.text) refers to fmul.o(x$fpl$fmul) for __aeabi_fmul
    usart.o(.text) refers to main.o(.data) for Flag_Show
    usart.o(.data) refers (Special) to use_no_semi_2.o(.text) for __use_no_semihosting
    startup_stm32f10x_hd.o(STACK) refers (Special) to heapauxi.o(.text) for __use_two_region_memory
    startup_stm32f10x_hd.o(HEAP) refers (Special) to heapauxi.o(.text) for __use_two_region_memory
    startup_stm32f10x_hd.o(RESET) refers (Special) to heapauxi.o(.text) for __use_two_region_memory
    startup_stm32f10x_hd.o(RESET) refers to startup_stm32f10x_hd.o(STACK) for __initial_sp
    startup_stm32f10x_hd.o(RESET) refers to startup_stm32f10x_hd.o(.text) for Reset_Handler
    startup_stm32f10x_hd.o(RESET) refers to stm32f10x_it.o(.text) for NMI_Handler
    startup_stm32f10x_hd.o(RESET) refers to control.o(.text) for TIM1_UP_IRQHandler
    startup_stm32f10x_hd.o(RESET) refers to encoder.o(.text) for TIM2_IRQHandler
    startup_stm32f10x_hd.o(RESET) refers to usart3.o(.text) for USART3_IRQHandler
    startup_stm32f10x_hd.o(.text) refers (Special) to heapauxi.o(.text) for __use_two_region_memory
    startup_stm32f10x_hd.o(.text) refers to system_stm32f10x.o(.text) for SystemInit
    startup_stm32f10x_hd.o(.text) refers to __main.o(!!!main) for __main
    startup_stm32f10x_hd.o(.text) refers to startup_stm32f10x_hd.o(HEAP) for Heap_Mem
    startup_stm32f10x_hd.o(.text) refers to startup_stm32f10x_hd.o(STACK) for Stack_Mem
    led.o(.text) refers to stm32f10x_rcc.o(.text) for RCC_APB2PeriphClockCmd
    led.o(.text) refers to stm32f10x_gpio.o(.text) for GPIO_Init
    led.o(.text) refers to led.o(.data) for temp
    timer.o(.text) refers to stm32f10x_rcc.o(.text) for RCC_APB2PeriphClockCmd
    timer.o(.text) refers to stm32f10x_tim.o(.text) for TIM_TimeBaseInit
    timer.o(.text) refers to misc.o(.text) for NVIC_Init
    motor.o(.text) refers to stm32f10x_rcc.o(.text) for RCC_APB2PeriphClockCmd
    motor.o(.text) refers to stm32f10x_gpio.o(.text) for GPIO_Init
    motor.o(.text) refers to stm32f10x_tim.o(.text) for TIM_TimeBaseInit
    encoder.o(.text) refers to stm32f10x_rcc.o(.text) for RCC_APB2PeriphClockCmd
    encoder.o(.text) refers to stm32f10x_gpio.o(.text) for GPIO_Init
    encoder.o(.text) refers to stm32f10x_tim.o(.text) for TIM_TimeBaseStructInit
    ioi2c.o(.text) refers to stm32f10x_rcc.o(.text) for RCC_APB2PeriphClockCmd
    ioi2c.o(.text) refers to stm32f10x_gpio.o(.text) for GPIO_Init
    ioi2c.o(.text) refers to delay.o(.text) for delay_us
    key.o(.text) refers to stm32f10x_rcc.o(.text) for RCC_APB2PeriphClockCmd
    key.o(.text) refers to stm32f10x_gpio.o(.text) for GPIO_Init
    key.o(.text) refers to key.o(.data) for flag_key
    exti.o(.text) refers to stm32f10x_rcc.o(.text) for RCC_APB2PeriphClockCmd
    exti.o(.text) refers to stm32f10x_gpio.o(.text) for GPIO_Init
    exti.o(.text) refers to stm32f10x_exti.o(.text) for EXTI_Init
    oled.o(.text) refers to stm32f10x_rcc.o(.text) for RCC_APB2PeriphClockCmd
    oled.o(.text) refers to stm32f10x_gpio.o(.text) for GPIO_Init
    oled.o(.text) refers to stm32f10x_pwr.o(.text) for PWR_BackupAccessCmd
    oled.o(.text) refers to stm32f10x_bkp.o(.text) for BKP_TamperPinCmd
    oled.o(.text) refers to delay.o(.text) for delay_ms
    oled.o(.text) refers to oled.o(.bss) for OLED_GRAM
    oled.o(.text) refers to oled.o(.constdata) for oled_asc2_1206
    usart3.o(.text) refers to stm32f10x_rcc.o(.text) for RCC_APB1PeriphClockCmd
[...]
    __rt_lib_init_stdio_1                    0x080001f1   Thumb Code     0  libinit2.o(.ARM.Collect$$libinit$$00000025)
    __rt_lib_init_user_alloc_1               0x080001f1   Thumb Code     0  libinit2.o(.ARM.Collect$$libinit$$0000000C)
    __rt_lib_shutdown                        0x080001f3   Thumb Code     0  libshutdown.o(.ARM.Collect$$libshutdown$$00000000)
    __rt_lib_shutdown_cpp_1                  0x080001f5   Thumb Code     0  libshutdown2.o(.ARM.Collect$$libshutdown$$00000002)
    __rt_lib_shutdown_fp_trap_1              0x080001f5   Thumb Code     0  libshutdown2.o(.ARM.Collect$$libshutdown$$00000007)
    __rt_lib_shutdown_heap_1                 0x080001f5   Thumb Code     0  libshutdown2.o(.ARM.Collect$$libshutdown$$0000000F)
    __rt_lib_shutdown_return                 0x080001f5   Thumb Code     0  libshutdown2.o(.ARM.Collect$$libshutdown$$00000010)
    __rt_lib_shutdown_signal_1               0x080001f5   Thumb Code     0  libshutdown2.o(.ARM.Collect$$libshutdown$$0000000A)
    __rt_lib_shutdown_stdio_1                0x080001f5   Thumb Code     0  libshutdown2.o(.ARM.Collect$$libshutdown$$00000004)
    __rt_lib_shutdown_user_alloc_1           0x080001f5   Thumb Code     0  libshutdown2.o(.ARM.Collect$$libshutdown$$0000000C)
    __rt_entry                               0x080001f7   Thumb Code     0  __rtentry.o(.ARM.Collect$$rtentry$$00000000)
    __rt_entry_presh_1                       0x080001f7   Thumb Code     0  __rtentry2.o(.ARM.Collect$$rtentry$$00000002)
    __rt_entry_sh                            0x080001f7   Thumb Code     0  __rtentry4.o(.ARM.Collect$$rtentry$$00000004)
    __rt_entry_li                            0x080001fd   Thumb Code     0  __rtentry2.o(.ARM.Collect$$rtentry$$0000000A)
    __rt_entry_postsh_1                      0x080001fd   Thumb Code     0  __rtentry2.o(.ARM.Collect$$rtentry$$00000009)
    __rt_entry_main                          0x08000201   Thumb Code     0  __rtentry2.o(.ARM.Collect$$rtentry$$0000000D)
    __rt_entry_postli_1                      0x08000201   Thumb Code     0  __rtentry2.o(.ARM.Collect$$rtentry$$0000000C)
    __rt_exit                                0x08000209   Thumb Code     0  rtexit.o(.ARM.Collect$$rtexit$$00000000)
    __rt_exit_ls                             0x0800020b   Thumb Code     0  rtexit2.o(.ARM.Collect$$rtexit$$00000003)
    __rt_exit_prels_1                        0x0800020b   Thumb Code     0  rtexit2.o(.ARM.Collect$$rtexit$$00000002)
    __rt_exit_exit                           0x0800020f   Thumb Code     0  rtexit2.o(.ARM.Collect$$rtexit$$00000004)
    WFI_SET                                  0x08000215   Thumb Code     2  sys.o(.emb_text)
    INTX_DISABLE                             0x08000217   Thumb Code     2  sys.o(.emb_text)
    INTX_ENABLE                              0x08000219   Thumb Code     2  sys.o(.emb_text)
    MSR_MSP                                  0x0800021b   Thumb Code     6  sys.o(.emb_text)
    main                                     0x08000221   Thumb Code   116  main.o(.text)
    NMI_Handler                              0x08000295   Thumb Code     2  stm32f10x_it.o(.text)
    HardFault_Handler                        0x08000297   Thumb Code     4  stm32f10x_it.o(.text)
    MemManage_Handler                        0x0800029b   Thumb Code     4  stm32f10x_it.o(.text)
    BusFault_Handler                         0x0800029f   Thumb Code     4  stm32f10x_it.o(.text)
    UsageFault_Handler                       0x080002a3   Thumb Code     4  stm32f10x_it.o(.text)
    SVC_Handler                              0x080002a7   Thumb Code     2  stm32f10x_it.o(.text)
    DebugMon_Handler                         0x080002a9   Thumb Code     2  stm32f10x_it.o(.text)
    PendSV_Handler                           0x080002ab   Thumb Code     2  stm32f10x_it.o(.text)
    SysTick_Handler                          0x080002ad   Thumb Code     2  stm32f10x_it.o(.text)
    SystemInit                               0x0800038f   Thumb Code    78  system_stm32f10x.o(.text)
    SystemCoreClockUpdate                    0x080003dd   Thumb Code   142  system_stm32f10x.o(.text)
    delay_init                               0x08000491   Thumb Code    56  delay.o(.text)
    delay_us                                 0x080004c9   Thumb Code    56  delay.o(.text)
    delay_ms                                 0x08000501   Thumb Code    56  delay.o(.text)
    MY_NVIC_SetVectorTable                   0x08000541   Thumb Code    12  sys.o(.text)
    MY_NVIC_PriorityGroupConfig              0x0800054d   Thumb Code    36  sys.o(.text)
    MY_NVIC_Init                             0x08000571   Thumb Code   116  sys.o(.text)
    Ex_NVIC_Config                           0x080005e5   Thumb Code   146  sys.o(.text)
    MYRCC_DeInit                             0x08000677   Thumb Code    90  sys.o(.text)
    Sys_Standby                              0x080006d1   Thumb Code    68  sys.o(.text)
    Sys_Soft_Reset                           0x08000715   Thumb Code    12  sys.o(.text)
    JTAG_Set                                 0x08000721   Thumb Code    42  sys.o(.text)
    Stm32_Clock_Init                         0x0800074b   Thumb Code   134  sys.o(.text)
    _sys_exit                                0x080007fd   Thumb Code     4  usart.o(.text)
    fputc                                    0x08000801   Thumb Code    56  usart.o(.text)
    uart_init                                0x08000839   Thumb Code   182  usart.o(.text)
    Reset_Handler                            0x08000909   Thumb Code     8  startup_stm32f10x_hd.o(.text)
    ADC1_2_IRQHandler                        0x08000923   Thumb Code     0  startup_stm32f10x_hd.o(.text)
    ADC3_IRQHandler                          0x08000923   Thumb Code     0  startup_stm32f10x_hd.o(.text)
    CAN1_RX1_IRQHandler                      0x08000923   Thumb Code     0  startup_stm32f10x_hd.o(.text)
    CAN1_SCE_IRQHandler                      0x08000923   Thumb Code     0  startup_stm32f10x_hd.o(.text)
    DMA1_Channel1_IRQHandler                 0x08000923   Thumb Code     0  startup_stm32f10x_hd.o(.text)
    DMA1_Channel2_IRQHandler                 0x08000923   Thumb Code     0  startup_stm32f10x_hd.o(.text)
    DMA1_Channel3_IRQHandler                 0x08000923   Thumb Code     0  startup_stm32f10x_hd.o(.text)
    DMA1_Channel4_IRQHandler                 0x08000923   Thumb Code     0  startup_stm32f10x_hd.o(.text)
    DMA1_Channel5_IRQHandler                 0x08000923   Thumb Code     0  startup_stm32f10x_hd.o(.text)
    DMA1_Channel6_IRQHandler                 0x08000923   Thumb Code     0  startup_stm32f10x_hd.o(.text)
    DMA1_Channel7_IRQHandler                 0x08000923   Thumb Code     0  startup_stm32f10x_hd.o(.text)
    DMA2_Channel1_IRQHandler                 0x08000923   Thumb Code     0  startup_stm32f10x_hd.o(.text)
    DMA2_Channel2_IRQHandler                 0x08000923   Thumb Code     0  startup_stm32f10x_hd.o(.text)
    DMA2_Channel3_IRQHandler                 0x08000923   Thumb Code     0  startup_stm32f10x_hd.o(.text)
    DMA2_Channel4_5_IRQHandler               0x08000923   Thumb Code     0  startup_stm32f10x_hd.o(.text)
    EXTI0_IRQHandler                         0x08000923   Thumb Code     0  startup_stm32f10x_hd.o(.text)
    EXTI15_10_IRQHandler                     0x08000923   Thumb Code     0  startup_stm32f10x_hd.o(.text)
    EXTI1_IRQHandler                         0x08000923   Thumb Code     0  startup_stm32f10x_hd.o(.text)
    EXTI2_IRQHandler                         0x08000923   Thumb Code     0  startup_stm32f10x_hd.o(.text)
    EXTI3_IRQHandler                         0x08000923   Thumb Code     0  startup_stm32f10x_hd.o(.text)
    EXTI4_IRQHandler                         0x08000923   Thumb Code     0  startup_stm32f10x_hd.o(.text)
    EXTI9_5_IRQHandler                       0x08000923   Thumb Code     0  startup_stm32f10x_hd.o(.text)
    FLASH_IRQHandler                         0x08000923   Thumb Code     0  startup_stm32f10x_hd.o(.text)
    FSMC_IRQHandler                          0x08000923   Thumb Code     0  startup_stm32f10x_hd.o(.text)
    I2C1_ER_IRQHandler                       0x08000923   Thumb Code     0  startup_stm32f10x_hd.o(.text)
    I2C1_EV_IRQHandler                       0x08000923   Thumb Code     0  startup_stm32f10x_hd.o(.text)
    I2C2_ER_IRQHandler                       0x08000923   Thumb Code     0  startup_stm32f10x_hd.o(.text)
    I2C2_EV_IRQHandler                       0x08000923   Thumb Code     0  startup_stm32f10x_hd.o(.text)
    PVD_IRQHandler                           0x08000923   Thumb Code     0  startup_stm32f10x_hd.o(.text)
    RCC_IRQHandler                           0x08000923   Thumb Code     0  startup_stm32f10x_hd.o(.text)
    RTCAlarm_IRQHandler                      0x08000923   Thumb Code     0  startup_stm32f10x_hd.o(.text)
    RTC_IRQHandler                           0x08000923   Thumb Code     0  startup_stm32f10x_hd.o(.text)
    SDIO_IRQHandler                          0x08000923   Thumb Code     0  startup_stm32f10x_hd.o(.text)
    SPI1_IRQHandler                          0x08000923   Thumb Code     0  startup_stm32f10x_hd.o(.text)
    SPI2_IRQHandler                          0x08000923   Thumb Code     0  startup_stm32f10x_hd.o(.text)
    SPI3_IRQHandler                          0x08000923   Thumb Code     0  startup_stm32f10x_hd.o(.text)
    TAMPER_IRQHandler                        0x08000923   Thumb Code     0  startup_stm32f10x_hd.o(.text)
    TIM1_BRK_IRQHandler                      0x08000923   Thumb Code     0  startup_stm32f10x_hd.o(.text)
    TIM1_CC_IRQHandler                       0x08000923   Thumb Code     0  startup_stm32f10x_hd.o(.text)
    TIM1_TRG_COM_IRQHandler                  0x08000923   Thumb Code     0  startup_stm32f10x_hd.o(.text)
    TIM3_IRQHandler                          0x08000923   Thumb Code     0  startup_stm32f10x_hd.o(.text)
    TIM5_IRQHandler                          0x08000923   Thumb Code     0  startup_stm32f10x_hd.o(.text)
    TIM6_IRQHandler                          0x08000923   Thumb Code     0  startup_stm32f10x_hd.o(.text)
    TIM7_IRQHandler                          0x08000923   Thumb Code     0  startup_stm32f10x_hd.o(.text)
    TIM8_BRK_IRQHandler                      0x08000923   Thumb Code     0  startup_stm32f10x_hd.o(.text)
    TIM8_CC_IRQHandler                       0x08000923   Thumb Code     0  startup_stm32f10x_hd.o(.text)
    TIM8_TRG_COM_IRQHandler                  0x08000923   Thumb Code     0  startup_stm32f10x_hd.o(.text)
    TIM8_UP_IRQHandler                       0x08000923   Thumb Code     0  startup_stm32f10x_hd.o(.text)
    UART4_IRQHandler                         0x08000923   Thumb Code     0  startup_stm32f10x_hd.o(.text)
    UART5_IRQHandler                         0x08000923   Thumb Code     0  startup_stm32f10x_hd.o(.text)
    USART1_IRQHandler                        0x08000923   Thumb Code     0  startup_stm32f10x_hd.o(.text)
    USART2_IRQHandler                        0x08000923   Thumb Code     0  startup_stm32f10x_hd.o(.text)
    USBWakeUp_IRQHandler                     0x08000923   Thumb Code     0  startup_stm32f10x_hd.o(.text)
    USB_HP_CAN1_TX_IRQHandler                0x08000923   Thumb Code     0  startup_stm32f10x_hd.o(.text)
    USB_LP_CAN1_RX0_IRQHandler               0x08000923   Thumb Code     0  startup_stm32f10x_hd.o(.text)
    WWDG_IRQHandler                          0x08000923   Thumb Code     0  startup_stm32f10x_hd.o(.text)
    __user_initial_stackheap                 0x08000925   Thumb Code     0  startup_stm32f10x_hd.o(.text)
    led_init                                 0x08000949   Thumb Code    40  led.o(.text)
    Led_Flash                                0x08000971   Thumb Code    44  led.o(.text)
    Timer1_Init                              0x080009ad   Thumb Code   100  timer.o(.text)
    MiniBalance_Motor_Init                   0x08000a15   Thumb Code    40  motor.o(.text)
    MiniBalance_PWM_Init                     0x08000a3d   Thumb Code   164  motor.o(.text)
    Encoder_Init_TIM2                        0x08000ae9   Thumb Code   154  encoder.o(.text)
    Encoder_Init_TIM4                        0x08000b83   Thumb Code   146  encoder.o(.text)
    Read_Encoder                             0x08000c15   Thumb Code    56  encoder.o(.text)
    TIM4_IRQHandler                          0x08000c4d   Thumb Code    24  encoder.o(.text)
    TIM2_IRQHandler                          0x08000c65   Thumb Code    24  encoder.o(.text)
    IIC_Init                                 0x08000c89   Thumb Code    40  ioi2c.o(.text)
    IIC_Start                                0x08000cb1   Thumb Code    96  ioi2c.o(.text)
    IIC_Stop                                 0x08000d11   Thumb Code    68  ioi2c.o(.text)
    IIC_Wait_Ack                             0x08000d55   Thumb Code    96  ioi2c.o(.text)
    IIC_Ack                                  0x08000db5   Thumb Code    72  ioi2c.o(.text)
    IIC_NAck                                 0x08000dfd   Thumb Code    70  ioi2c.o(.text)
    IIC_Send_Byte                            0x08000e43   Thumb Code    94  ioi2c.o(.text)
    i2cWrite                                 0x08000ea1   Thumb Code    96  ioi2c.o(.text)
    IIC_Read_Byte                            0x08000f01   Thumb Code   104  ioi2c.o(.text)
    i2cRead                                  0x08000f69   Thumb Code   118  ioi2c.o(.text)
    I2C_ReadOneByte                          0x08000fdf   Thumb Code    70  ioi2c.o(.text)
    IICreadBytes                             0x08001025   Thumb Code   112  ioi2c.o(.text)
    IICwriteBytes                            0x08001095   Thumb Code    70  ioi2c.o(.text)
    IICreadByte                              0x080010db   Thumb Code    22  ioi2c.o(.text)
    IICwriteByte                             0x080010f1   Thumb Code    20  ioi2c.o(.text)
    IICwriteBits                             0x08001105   Thumb Code   106  ioi2c.o(.text)
    IICwriteBit                              0x0800116f   Thumb Code    64  ioi2c.o(.text)
    OLED_WR_Byte                             0x080011b1   Thumb Code    78  oled.o(.text)
    OLED_Refresh_Gram                        0x080011ff   Thumb Code    70  oled.o(.text)
    OLED_Display_On                          0x08001245   Thumb Code    28  oled.o(.text)
    OLED_Display_Off                         0x08001261   Thumb Code    28  oled.o(.text)
    OLED_Clear                               0x0800127d   Thumb Code    42  oled.o(.text)
    OLED_DrawPoint                           0x080012a7   Thumb Code   100  oled.o(.text)
    OLED_ShowChar                            0x0800130b   Thumb Code   158  oled.o(.text)
    oled_pow                                 0x080013a9   Thumb Code    22  oled.o(.text)
    OLED_ShowNumber                          0x080013bf   Thumb Code   148  oled.o(.text)
    OLED_ShowString                          0x08001453   Thumb Code    68  oled.o(.text)
    OLED_Init                                0x08001497   Thumb Code   360  oled.o(.text)
    uart3_init                               0x08001601   Thumb Code   156  usart3.o(.text)
    USART3_IRQHandler                        0x0800169d   Thumb Code   166  usart3.o(.text)
    MPU6050_newValues                        0x0800186d   Thumb Code   494  mpu6050.o(.text)
    MPU6050_setClockSource                   0x08001a5b   Thumb Code    20  mpu6050.o(.text)
    MPU6050_setFullScaleGyroRange            0x08001a6f   Thumb Code    20  mpu6050.o(.text)
    MPU6050_setFullScaleAccelRange           0x08001a83   Thumb Code    20  mpu6050.o(.text)
    MPU6050_setSleepEnabled                  0x08001a97   Thumb Code    18  mpu6050.o(.text)
    MPU6050_getDeviceID                      0x08001aa9   Thumb Code    20  mpu6050.o(.text)
    MPU6050_testConnection                   0x08001abd   Thumb Code    18  mpu6050.o(.text)
    MPU6050_setI2CMasterModeEnabled          0x08001acf   Thumb Code    18  mpu6050.o(.text)
    MPU6050_setI2CBypassEnabled              0x08001ae1   Thumb Code    18  mpu6050.o(.text)
    MPU6050_initialize                       0x08001af3   Thumb Code    40  mpu6050.o(.text)
    DMP_Init                                 0x08001b1b   Thumb Code   194  mpu6050.o(.text)
    Read_DMP                                 0x08001bdd   Thumb Code   626  mpu6050.o(.text)
    Read_Temperature                         0x08001e4f   Thumb Code   110  mpu6050.o(.text)
    Adc_Init                                 0x08001ee1   Thumb Code   132  adc.o(.text)
    Get_Adc                                  0x08001f65   Thumb Code    46  adc.o(.text)
    Get_battery_volt                         0x08001f93   Thumb Code    78  adc.o(.text)
    oled_show                                0x08001ff9   Thumb Code   382  show.o(.text)
    myabs                                    0x080021c9   Thumb Code    14  control.o(.text)
    Set_Pwm                                  0x080021d7   Thumb Code   102  control.o(.text)
    Turn_Off                                 0x0800223d   Thumb Code    74  control.o(.text)
    Xianfu_Pwm                               0x08002287   Thumb Code    62  control.o(.text)
    turn                                     0x080022c5   Thumb Code   348  control.o(.text)
    velocity                                 0x08002421   Thumb Code   310  control.o(.text)
    balance                                  0x08002557   Thumb Code    66  control.o(.text)
    Get_Angle                                0x08002599   Thumb Code   522  control.o(.text)
    TIM1_UP_IRQHandler                       0x080027a3   Thumb Code   210  control.o(.text)
    Kalman_Filter                            0x080028c1   Thumb Code   558  filter.o(.text)
    NVIC_PriorityGroupConfig                 0x08002b39   Thumb Code    10  misc.o(.text)
    NVIC_Init                                0x08002b43   Thumb Code   100  misc.o(.text)
    NVIC_SetVectorTable                      0x08002ba7   Thumb Code    14  misc.o(.text)
    NVIC_SystemLPConfig                      0x08002bb5   Thumb Code    34  misc.o(.text)
    SysTick_CLKSourceConfig                  0x08002bd7   Thumb Code    40  misc.o(.text)
    ADC_DeInit                               0x08002c15   Thumb Code    78  stm32f10x_adc.o(.text)
    ADC_Init                                 0x08002c63   Thumb Code    70  stm32f10x_adc.o(.text)
    ADC_StructInit                           0x08002ca9   Thumb Code    18  stm32f10x_adc.o(.text)
    ADC_Cmd                                  0x08002cbb   Thumb Code    22  stm32f10x_adc.o(.text)
    ADC_DMACmd                               0x08002cd1   Thumb Code    22  stm32f10x_adc.o(.text)
    ADC_ITConfig                             0x08002ce7   Thumb Code    24  stm32f10x_adc.o(.text)
    ADC_ResetCalibration                     0x08002cff   Thumb Code    10  stm32f10x_adc.o(.text)
    ADC_GetResetCalibrationStatus            0x08002d09   Thumb Code    20  stm32f10x_adc.o(.text)
    ADC_StartCalibration                     0x08002d1d   Thumb Code    10  stm32f10x_adc.o(.text)
    ADC_GetCalibrationStatus                 0x08002d27   Thumb Code    20  stm32f10x_adc.o(.text)
    ADC_SoftwareStartConvCmd                 0x08002d3b   Thumb Code    22  stm32f10x_adc.o(.text)
    ADC_GetSoftwareStartConvStatus           0x08002d51   Thumb Code    20  stm32f10x_adc.o(.text)
    ADC_DiscModeChannelCountConfig           0x08002d65   Thumb Code    24  stm32f10x_adc.o(.text)
    ADC_DiscModeCmd                          0x08002d7d   Thumb Code    22  stm32f10x_adc.o(.text)
    ADC_RegularChannelConfig                 0x08002d93   Thumb Code   184  stm32f10x_adc.o(.text)
    ADC_ExternalTrigConvCmd                  0x08002e4b   Thumb Code    22  stm32f10x_adc.o(.text)
    ADC_GetConversionValue                   0x08002e61   Thumb Code     8  stm32f10x_adc.o(.text)
    ADC_GetDualModeConversionValue           0x08002e69   Thumb Code     8  stm32f10x_adc.o(.text)
    ADC_AutoInjectedConvCmd                  0x08002e71   Thumb Code    22  stm32f10x_adc.o(.text)
    ADC_InjectedDiscModeCmd                  0x08002e87   Thumb Code    22  stm32f10x_adc.o(.text)
    ADC_ExternalTrigInjectedConvConfig       0x08002e9d   Thumb Code    16  stm32f10x_adc.o(.text)
    ADC_ExternalTrigInjectedConvCmd          0x08002ead   Thumb Code    22  stm32f10x_adc.o(.text)
    ADC_SoftwareStartInjectedConvCmd         0x08002ec3   Thumb Code    22  stm32f10x_adc.o(.text)
    ADC_GetSoftwareStartInjectedConvCmdStatus 0x08002ed9   Thumb Code    20  stm32f10x_adc.o(.text)
    ADC_InjectedChannelConfig                0x08002eed   Thumb Code   130  stm32f10x_adc.o(.text)
    ADC_InjectedSequencerLengthConfig        0x08002f6f   Thumb Code    24  stm32f10x_adc.o(.text)
    ADC_SetInjectedOffset                    0x08002f87   Thumb Code    20  stm32f10x_adc.o(.text)
    ADC_GetInjectedConversionValue           0x08002f9b   Thumb Code    28  stm32f10x_adc.o(.text)
    ADC_AnalogWatchdogCmd                    0x08002fb7   Thumb Code    16  stm32f10x_adc.o(.text)
    ADC_AnalogWatchdogThresholdsConfig       0x08002fc7   Thumb Code     6  stm32f10x_adc.o(.text)
    ADC_AnalogWatchdogSingleChannelConfig    0x08002fcd   Thumb Code    16  stm32f10x_adc.o(.text)
    ADC_TempSensorVrefintCmd                 0x08002fdd   Thumb Code    64  stm32f10x_adc.o(.text)
    ADC_GetFlagStatus                        0x0800301d   Thumb Code    18  stm32f10x_adc.o(.text)
    ADC_ClearFlag                            0x0800302f   Thumb Code     6  stm32f10x_adc.o(.text)
    ADC_GetITStatus                          0x08003035   Thumb Code    36  stm32f10x_adc.o(.text)
    ADC_ClearITPendingBit                    0x08003059   Thumb Code    10  stm32f10x_adc.o(.text)
    BKP_DeInit                               0x08003065   Thumb Code    16  stm32f10x_bkp.o(.text)
    BKP_TamperPinLevelConfig                 0x08003075   Thumb Code     6  stm32f10x_bkp.o(.text)
    BKP_TamperPinCmd                         0x0800307b   Thumb Code     8  stm32f10x_bkp.o(.text)
    BKP_ITConfig                             0x08003083   Thumb Code     8  stm32f10x_bkp.o(.text)
    BKP_RTCOutputConfig                      0x0800308b   Thumb Code    22  stm32f10x_bkp.o(.text)
    BKP_SetRTCCalibrationValue               0x080030a1   Thumb Code    22  stm32f10x_bkp.o(.text)
    BKP_WriteBackupRegister                  0x080030b7   Thumb Code    24  stm32f10x_bkp.o(.text)
    BKP_ReadBackupRegister                   0x080030cf   Thumb Code    26  stm32f10x_bkp.o(.text)
    BKP_GetFlagStatus                        0x080030e9   Thumb Code    10  stm32f10x_bkp.o(.text)
    BKP_ClearFlag                            0x080030f3   Thumb Code    18  stm32f10x_bkp.o(.text)
    BKP_GetITStatus                          0x08003105   Thumb Code    10  stm32f10x_bkp.o(.text)
    BKP_ClearITPendingBit                    0x0800310f   Thumb Code    18  stm32f10x_bkp.o(.text)
    GPIO_DeInit                              0x08003129   Thumb Code   172  stm32f10x_gpio.o(.text)
    GPIO_AFIODeInit                          0x080031d5   Thumb Code    20  stm32f10x_gpio.o(.text)
    GPIO_Init                                0x080031e9   Thumb Code   278  stm32f10x_gpio.o(.text)
    GPIO_StructInit                          0x080032ff   Thumb Code    16  stm32f10x_gpio.o(.text)
    GPIO_ReadInputDataBit                    0x0800330f   Thumb Code    18  stm32f10x_gpio.o(.text)
    GPIO_ReadInputData                       0x08003321   Thumb Code     8  stm32f10x_gpio.o(.text)
    GPIO_ReadOutputDataBit                   0x08003329   Thumb Code    18  stm32f10x_gpio.o(.text)
    GPIO_ReadOutputData                      0x0800333b   Thumb Code     8  stm32f10x_gpio.o(.text)
    GPIO_SetBits                             0x08003343   Thumb Code     4  stm32f10x_gpio.o(.text)
    GPIO_ResetBits                           0x08003347   Thumb Code     4  stm32f10x_gpio.o(.text)
    GPIO_WriteBit                            0x0800334b   Thumb Code    10  stm32f10x_gpio.o(.text)
    GPIO_Write                               0x08003355   Thumb Code     4  stm32f10x_gpio.o(.text)
    GPIO_PinLockConfig                       0x08003359   Thumb Code    18  stm32f10x_gpio.o(.text)
    GPIO_EventOutputConfig                   0x0800336b   Thumb Code    26  stm32f10x_gpio.o(.text)
    GPIO_EventOutputCmd                      0x08003385   Thumb Code     6  stm32f10x_gpio.o(.text)
    GPIO_PinRemapConfig                      0x0800338b   Thumb Code   138  stm32f10x_gpio.o(.text)
    GPIO_EXTILineConfig                      0x08003415   Thumb Code    66  stm32f10x_gpio.o(.text)
    GPIO_ETH_MediaInterfaceConfig            0x08003457   Thumb Code     8  stm32f10x_gpio.o(.text)
    PWR_DeInit                               0x08003485   Thumb Code    22  stm32f10x_pwr.o(.text)
    PWR_BackupAccessCmd                      0x0800349b   Thumb Code     6  stm32f10x_pwr.o(.text)
    PWR_PVDCmd                               0x080034a1   Thumb Code     6  stm32f10x_pwr.o(.text)
    PWR_PVDLevelConfig                       0x080034a7   Thumb Code    18  stm32f10x_pwr.o(.text)
    PWR_WakeUpPinCmd                         0x080034b9   Thumb Code     8  stm32f10x_pwr.o(.text)
    PWR_EnterSTOPMode                        0x080034c1   Thumb Code    54  stm32f10x_pwr.o(.text)
    PWR_EnterSTANDBYMode                     0x080034f7   Thumb Code    42  stm32f10x_pwr.o(.text)
    PWR_GetFlagStatus                        0x08003521   Thumb Code    20  stm32f10x_pwr.o(.text)
    PWR_ClearFlag                            0x08003535   Thumb Code    14  stm32f10x_pwr.o(.text)
    RCC_DeInit                               0x08003551   Thumb Code    64  stm32f10x_rcc.o(.text)
    RCC_HSEConfig                            0x08003591   Thumb Code    70  stm32f10x_rcc.o(.text)
    RCC_GetFlagStatus                        0x080035d7   Thumb Code    56  stm32f10x_rcc.o(.text)
    RCC_WaitForHSEStartUp                    0x0800360f   Thumb Code    56  stm32f10x_rcc.o(.text)
    RCC_AdjustHSICalibrationValue            0x08003647   Thumb Code    20  stm32f10x_rcc.o(.text)
    RCC_HSICmd                               0x0800365b   Thumb Code     6  stm32f10x_rcc.o(.text)
    RCC_PLLConfig                            0x08003661   Thumb Code    24  stm32f10x_rcc.o(.text)
    RCC_PLLCmd                               0x08003679   Thumb Code     6  stm32f10x_rcc.o(.text)
    RCC_SYSCLKConfig                         0x0800367f   Thumb Code    18  stm32f10x_rcc.o(.text)
    RCC_GetSYSCLKSource                      0x08003691   Thumb Code    10  stm32f10x_rcc.o(.text)
    RCC_HCLKConfig                           0x0800369b   Thumb Code    18  stm32f10x_rcc.o(.text)
    RCC_PCLK1Config                          0x080036ad   Thumb Code    18  stm32f10x_rcc.o(.text)
    RCC_PCLK2Config                          0x080036bf   Thumb Code    20  stm32f10x_rcc.o(.text)
    RCC_ITConfig                             0x080036d3   Thumb Code    26  stm32f10x_rcc.o(.text)
    RCC_USBCLKConfig                         0x080036ed   Thumb Code     8  stm32f10x_rcc.o(.text)
    RCC_ADCCLKConfig                         0x080036f5   Thumb Code    18  stm32f10x_rcc.o(.text)
    RCC_LSEConfig                            0x08003707   Thumb Code    50  stm32f10x_rcc.o(.text)
    RCC_LSICmd                               0x08003739   Thumb Code     6  stm32f10x_rcc.o(.text)
    RCC_RTCCLKConfig                         0x0800373f   Thumb Code    12  stm32f10x_rcc.o(.text)
    RCC_RTCCLKCmd                            0x0800374b   Thumb Code     8  stm32f10x_rcc.o(.text)
    RCC_GetClocksFreq                        0x08003753   Thumb Code   192  stm32f10x_rcc.o(.text)
    RCC_AHBPeriphClockCmd                    0x08003813   Thumb Code    26  stm32f10x_rcc.o(.text)
    RCC_APB2PeriphClockCmd                   0x0800382d   Thumb Code    26  stm32f10x_rcc.o(.text)
    RCC_APB1PeriphClockCmd                   0x08003847   Thumb Code    26  stm32f10x_rcc.o(.text)
    RCC_APB2PeriphResetCmd                   0x08003861   Thumb Code    26  stm32f10x_rcc.o(.text)
    RCC_APB1PeriphResetCmd                   0x0800387b   Thumb Code    26  stm32f10x_rcc.o(.text)
    RCC_BackupResetCmd                       0x08003895   Thumb Code     8  stm32f10x_rcc.o(.text)
    RCC_ClockSecuritySystemCmd               0x0800389d   Thumb Code     6  stm32f10x_rcc.o(.text)
    RCC_MCOConfig                            0x080038a3   Thumb Code     6  stm32f10x_rcc.o(.text)
    RCC_ClearFlag                            0x080038a9   Thumb Code    14  stm32f10x_rcc.o(.text)
    RCC_GetITStatus                          0x080038b7   Thumb Code    20  stm32f10x_rcc.o(.text)
    RCC_ClearITPendingBit                    0x080038cb   Thumb Code     6  stm32f10x_rcc.o(.text)
    TIM_DeInit                               0x080038f5   Thumb Code   424  stm32f10x_tim.o(.text)
    TIM_TimeBaseInit                         0x08003a9d   Thumb Code   122  stm32f10x_tim.o(.text)
    TIM_OC1Init                              0x08003b17   Thumb Code   132  stm32f10x_tim.o(.text)
    TIM_OC2Init                              0x08003b9b   Thumb Code   154  stm32f10x_tim.o(.text)
    TIM_OC3Init                              0x08003c35   Thumb Code   150  stm32f10x_tim.o(.text)
    TIM_OC4Init                              0x08003ccb   Thumb Code   182  stm32f10x_tim.o(.text)
    TIM_SetIC4Prescaler                      0x08003d81   Thumb Code    26  stm32f10x_tim.o(.text)
    TIM_SetIC3Prescaler                      0x08003e1d   Thumb Code    18  stm32f10x_tim.o(.text)
    TIM_SetIC2Prescaler                      0x08003ea9   Thumb Code    26  stm32f10x_tim.o(.text)
    TIM_SetIC1Prescaler                      0x08003f45   Thumb Code    18  stm32f10x_tim.o(.text)
    TIM_ICInit                               0x08003fc3   Thumb Code   150  stm32f10x_tim.o(.text)
    TIM_PWMIConfig                           0x08004059   Thumb Code   124  stm32f10x_tim.o(.text)
    TIM_BDTRConfig                           0x080040d5   Thumb Code    32  stm32f10x_tim.o(.text)
    TIM_TimeBaseStructInit                   0x080040f5   Thumb Code    18  stm32f10x_tim.o(.text)
    TIM_OCStructInit                         0x08004107   Thumb Code    20  stm32f10x_tim.o(.text)
    TIM_ICStructInit                         0x0800411b   Thumb Code    18  stm32f10x_tim.o(.text)
    TIM_BDTRStructInit                       0x0800412d   Thumb Code    40  stm32f10x_tim.o(.text)
    TIM_Cmd                                  0x08004155   Thumb Code    24  stm32f10x_tim.o(.text)
    TIM_CtrlPWMOutputs                       0x0800416d   Thumb Code    30  stm32f10x_tim.o(.text)
    TIM_ITConfig                             0x0800418b   Thumb Code    18  stm32f10x_tim.o(.text)
    TIM_GenerateEvent                        0x0800419d   Thumb Code     4  stm32f10x_tim.o(.text)
    TIM_DMAConfig                            0x080041a1   Thumb Code    10  stm32f10x_tim.o(.text)
    TIM_DMACmd                               0x080041ab   Thumb Code    18  stm32f10x_tim.o(.text)
    TIM_InternalClockConfig                  0x080041bd   Thumb Code    12  stm32f10x_tim.o(.text)
    TIM_SelectInputTrigger                   0x080041c9   Thumb Code    18  stm32f10x_tim.o(.text)
    TIM_ITRxExternalClockConfig              0x080041db   Thumb Code    24  stm32f10x_tim.o(.text)
    TIM_TIxExternalClockConfig               0x080041f3   Thumb Code    62  stm32f10x_tim.o(.text)
    TIM_ETRConfig                            0x08004231   Thumb Code    28  stm32f10x_tim.o(.text)
    TIM_ETRClockMode1Config                  0x0800424d   Thumb Code    54  stm32f10x_tim.o(.text)
    TIM_ETRClockMode2Config                  0x08004283   Thumb Code    32  stm32f10x_tim.o(.text)
    TIM_PrescalerConfig                      0x080042a3   Thumb Code     6  stm32f10x_tim.o(.text)
    TIM_CounterModeConfig                    0x080042a9   Thumb Code    18  stm32f10x_tim.o(.text)
    TIM_EncoderInterfaceConfig               0x080042bb   Thumb Code    66  stm32f10x_tim.o(.text)
    TIM_ForcedOC1Config                      0x080042fd   Thumb Code    18  stm32f10x_tim.o(.text)
    TIM_ForcedOC2Config                      0x0800430f   Thumb Code    26  stm32f10x_tim.o(.text)
    TIM_ForcedOC3Config                      0x08004329   Thumb Code    18  stm32f10x_tim.o(.text)
    TIM_ForcedOC4Config                      0x0800433b   Thumb Code    26  stm32f10x_tim.o(.text)
    TIM_ARRPreloadConfig                     0x08004355   Thumb Code    24  stm32f10x_tim.o(.text)
    TIM_SelectCOM                            0x0800436d   Thumb Code    24  stm32f10x_tim.o(.text)
    TIM_SelectCCDMA                          0x08004385   Thumb Code    24  stm32f10x_tim.o(.text)
    TIM_CCPreloadControl                     0x0800439d   Thumb Code    24  stm32f10x_tim.o(.text)
    TIM_OC1PreloadConfig                     0x080043b5   Thumb Code    18  stm32f10x_tim.o(.text)
    TIM_OC2PreloadConfig                     0x080043c7   Thumb Code    26  stm32f10x_tim.o(.text)
    TIM_OC3PreloadConfig                     0x080043e1   Thumb Code    18  stm32f10x_tim.o(.text)
    TIM_OC4PreloadConfig                     0x080043f3   Thumb Code    26  stm32f10x_tim.o(.text)
    TIM_OC1FastConfig                        0x0800440d   Thumb Code    18  stm32f10x_tim.o(.text)
    TIM_OC2FastConfig                        0x0800441f   Thumb Code    26  stm32f10x_tim.o(.text)
    TIM_OC3FastConfig                        0x08004439   Thumb Code    18  stm32f10x_tim.o(.text)
    TIM_OC4FastConfig                        0x0800444b   Thumb Code    26  stm32f10x_tim.o(.text)
    TIM_ClearOC1Ref                          0x08004465   Thumb Code    18  stm32f10x_tim.o(.text)
    TIM_ClearOC2Ref                          0x08004477   Thumb Code    24  stm32f10x_tim.o(.text)
    TIM_ClearOC3Ref                          0x0800448f   Thumb Code    18  stm32f10x_tim.o(.text)
    TIM_ClearOC4Ref                          0x080044a1   Thumb Code    24  stm32f10x_tim.o(.text)
    TIM_OC1PolarityConfig                    0x080044b9   Thumb Code    18  stm32f10x_tim.o(.text)
    TIM_OC1NPolarityConfig                   0x080044cb   Thumb Code    18  stm32f10x_tim.o(.text)
    TIM_OC2PolarityConfig                    0x080044dd   Thumb Code    26  stm32f10x_tim.o(.text)
    TIM_OC2NPolarityConfig                   0x080044f7   Thumb Code    26  stm32f10x_tim.o(.text)
    TIM_OC3PolarityConfig                    0x08004511   Thumb Code    26  stm32f10x_tim.o(.text)
    TIM_OC3NPolarityConfig                   0x0800452b   Thumb Code    26  stm32f10x_tim.o(.text)
    TIM_OC4PolarityConfig                    0x08004545   Thumb Code    26  stm32f10x_tim.o(.text)
    TIM_CCxCmd                               0x0800455f   Thumb Code    30  stm32f10x_tim.o(.text)
    TIM_CCxNCmd                              0x0800457d   Thumb Code    30  stm32f10x_tim.o(.text)
    TIM_SelectOCxM                           0x0800459b   Thumb Code    82  stm32f10x_tim.o(.text)
    TIM_UpdateDisableConfig                  0x080045ed   Thumb Code    24  stm32f10x_tim.o(.text)
    TIM_UpdateRequestConfig                  0x08004605   Thumb Code    24  stm32f10x_tim.o(.text)
    TIM_SelectHallSensor                     0x0800461d   Thumb Code    24  stm32f10x_tim.o(.text)
    TIM_SelectOnePulseMode                   0x08004635   Thumb Code    18  stm32f10x_tim.o(.text)
    TIM_SelectOutputTrigger                  0x08004647   Thumb Code    18  stm32f10x_tim.o(.text)
    TIM_SelectSlaveMode                      0x08004659   Thumb Code    18  stm32f10x_tim.o(.text)
    TIM_SelectMasterSlaveMode                0x0800466b   Thumb Code    18  stm32f10x_tim.o(.text)
    TIM_SetCounter                           0x0800467d   Thumb Code     4  stm32f10x_tim.o(.text)
    TIM_SetAutoreload                        0x08004681   Thumb Code     4  stm32f10x_tim.o(.text)
    TIM_SetCompare1                          0x08004685   Thumb Code     4  stm32f10x_tim.o(.text)
    TIM_SetCompare2                          0x08004689   Thumb Code     4  stm32f10x_tim.o(.text)
    TIM_SetCompare3                          0x0800468d   Thumb Code     4  stm32f10x_tim.o(.text)
    TIM_SetCompare4                          0x08004691   Thumb Code     6  stm32f10x_tim.o(.text)
    TIM_SetClockDivision                     0x08004697   Thumb Code    18  stm32f10x_tim.o(.text)
    TIM_GetCapture1                          0x080046a9   Thumb Code     6  stm32f10x_tim.o(.text)
    TIM_GetCapture2                          0x080046af   Thumb Code     6  stm32f10x_tim.o(.text)
    TIM_GetCapture3                          0x080046b5   Thumb Code     6  stm32f10x_tim.o(.text)
    TIM_GetCapture4                          0x080046bb   Thumb Code     8  stm32f10x_tim.o(.text)
    TIM_GetCounter                           0x080046c3   Thumb Code     6  stm32f10x_tim.o(.text)
    TIM_GetPrescaler                         0x080046c9   Thumb Code     6  stm32f10x_tim.o(.text)
    TIM_GetFlagStatus                        0x080046cf   Thumb Code    18  stm32f10x_tim.o(.text)
    TIM_ClearFlag                            0x080046e1   Thumb Code     6  stm32f10x_tim.o(.text)
    TIM_GetITStatus                          0x080046e7   Thumb Code    34  stm32f10x_tim.o(.text)
    TIM_ClearITPendingBit                    0x08004709   Thumb Code     6  stm32f10x_tim.o(.text)
    USART_DeInit                             0x08004711   Thumb Code   134  stm32f10x_usart.o(.text)
    USART_Init                               0x08004797   Thumb Code   210  stm32f10x_usart.o(.text)
    USART_StructInit                         0x08004869   Thumb Code    24  stm32f10x_usart.o(.text)
    USART_ClockInit                          0x08004881   Thumb Code    34  stm32f10x_usart.o(.text)
    USART_ClockStructInit                    0x080048a3   Thumb Code    12  stm32f10x_usart.o(.text)
    USART_Cmd                                0x080048af   Thumb Code    24  stm32f10x_usart.o(.text)
    USART_ITConfig                           0x080048c7   Thumb Code    74  stm32f10x_usart.o(.text)
    USART_DMACmd                             0x08004911   Thumb Code    18  stm32f10x_usart.o(.text)
    USART_SetAddress                         0x08004923   Thumb Code    18  stm32f10x_usart.o(.text)
    USART_WakeUpConfig                       0x08004935   Thumb Code    18  stm32f10x_usart.o(.text)
    USART_ReceiverWakeUpCmd                  0x08004947   Thumb Code    24  stm32f10x_usart.o(.text)
    USART_LINBreakDetectLengthConfig         0x0800495f   Thumb Code    18  stm32f10x_usart.o(.text)
    USART_LINCmd                             0x08004971   Thumb Code    24  stm32f10x_usart.o(.text)
    USART_SendData                           0x08004989   Thumb Code     8  stm32f10x_usart.o(.text)
    USART_ReceiveData                        0x08004991   Thumb Code    10  stm32f10x_usart.o(.text)
    USART_SendBreak                          0x0800499b   Thumb Code    10  stm32f10x_usart.o(.text)
    USART_SetGuardTime                       0x080049a5   Thumb Code    16  stm32f10x_usart.o(.text)
    USART_SetPrescaler                       0x080049b5   Thumb Code    16  stm32f10x_usart.o(.text)
    USART_SmartCardCmd                       0x080049c5   Thumb Code    24  stm32f10x_usart.o(.text)
    USART_SmartCardNACKCmd                   0x080049dd   Thumb Code    24  stm32f10x_usart.o(.text)
    USART_HalfDuplexCmd                      0x080049f5   Thumb Code    24  stm32f10x_usart.o(.text)
    USART_OverSampling8Cmd                   0x08004a0d   Thumb Code    22  stm32f10x_usart.o(.text)
    USART_OneBitMethodCmd                    0x08004a23   Thumb Code    24  stm32f10x_usart.o(.text)
    USART_IrDAConfig                         0x08004a3b   Thumb Code    18  stm32f10x_usart.o(.text)
    USART_IrDACmd                            0x08004a4d   Thumb Code    24  stm32f10x_usart.o(.text)
    USART_GetFlagStatus                      0x08004a65   Thumb Code    26  stm32f10x_usart.o(.text)
    USART_ClearFlag                          0x08004a7f   Thumb Code    18  stm32f10x_usart.o(.text)
    USART_GetITStatus                        0x08004a91   Thumb Code    84  stm32f10x_usart.o(.text)
    USART_ClearITPendingBit                  0x08004ae5   Thumb Code    52  stm32f10x_usart.o(.text)
    mpu_reg_dump                             0x08004ba3   Thumb Code    72  inv_mpu.o(.text)
    mpu_read_reg                             0x08004beb   Thumb Code    66  inv_mpu.o(.text)
    mpu_set_int_latched                      0x08004c2d   Thumb Code   102  inv_mpu.o(.text)
    mpu_set_sensors                          0x08004c93   Thumb Code   202  inv_mpu.o(.text)
    mpu_set_bypass                           0x08004d5d   Thumb Code   328  inv_mpu.o(.text)
    mpu_reset_fifo                           0x08004ea5   Thumb Code   444  inv_mpu.o(.text)
    mpu_configure_fifo                       0x08005061   Thumb Code   106  inv_mpu.o(.text)
    mpu_set_lpf                              0x080050cb   Thumb Code   126  inv_mpu.o(.text)
    mpu_lp_accel_mode                        0x08005149   Thumb Code   218  inv_mpu.o(.text)
    mpu_set_sample_rate                      0x08005223   Thumb Code   152  inv_mpu.o(.text)
    mpu_set_accel_fsr                        0x080052bb   Thumb Code   132  inv_mpu.o(.text)
    mpu_set_gyro_fsr                         0x0800533f   Thumb Code   132  inv_mpu.o(.text)
    mpu_init                                 0x080053c3   Thumb Code   416  inv_mpu.o(.text)
    myget_ms                                 0x08005563   Thumb Code     2  inv_mpu.o(.text)
    mpu_get_gyro_reg                         0x08005565   Thumb Code   110  inv_mpu.o(.text)
    mpu_get_accel_reg                        0x080055d3   Thumb Code   110  inv_mpu.o(.text)
    mpu_get_temperature                      0x08005641   Thumb Code   150  inv_mpu.o(.text)
    mpu_set_accel_bias                       0x080056d7   Thumb Code   468  inv_mpu.o(.text)
    mpu_get_gyro_fsr                         0x080058ab   Thumb Code    64  inv_mpu.o(.text)
    mpu_get_accel_fsr                        0x080058eb   Thumb Code    72  inv_mpu.o(.text)
    mpu_get_lpf                              0x08005933   Thumb Code    74  inv_mpu.o(.text)
    mpu_get_sample_rate                      0x0800597d   Thumb Code    26  inv_mpu.o(.text)
    mpu_get_compass_sample_rate              0x08005997   Thumb Code    10  inv_mpu.o(.text)
    mpu_set_compass_sample_rate              0x080059a1   Thumb Code     8  inv_mpu.o(.text)
    mpu_get_gyro_sens                        0x080059a9   Thumb Code    58  inv_mpu.o(.text)
    mpu_get_accel_sens                       0x080059e3   Thumb Code    78  inv_mpu.o(.text)
    mpu_get_fifo_config                      0x08005a31   Thumb Code    12  inv_mpu.o(.text)
    mpu_get_power_state                      0x08005a3d   Thumb Code    22  inv_mpu.o(.text)
    mpu_get_int_status                       0x08005a53   Thumb Code    64  inv_mpu.o(.text)
    mpu_read_fifo                            0x08005a93   Thumb Code   520  inv_mpu.o(.text)
    mpu_read_fifo_stream                     0x08005c9b   Thumb Code   186  inv_mpu.o(.text)
    mpu_set_int_level                        0x08005d55   Thumb Code    12  inv_mpu.o(.text)
    mpu_set_dmp_state                        0x08006435   Thumb Code   138  inv_mpu.o(.text)
    mpu_run_self_test                        0x080064bf   Thumb Code   278  inv_mpu.o(.text)
    mpu_write_mem                            0x080065d5   Thumb Code   122  inv_mpu.o(.text)
    mpu_read_mem                             0x0800664f   Thumb Code   122  inv_mpu.o(.text)
    mpu_load_firmware                        0x080066c9   Thumb Code   190  inv_mpu.o(.text)
    mpu_get_dmp_state                        0x08006787   Thumb Code    14  inv_mpu.o(.text)
    mpu_get_compass_reg                      0x08006795   Thumb Code     8  inv_mpu.o(.text)
    mpu_get_compass_fsr                      0x0800679d   Thumb Code     8  inv_mpu.o(.text)
    mpu_lp_motion_interrupt                  0x080067a5   Thumb Code   512  inv_mpu.o(.text)
    dmp_load_motion_driver_firmware          0x080069a9   Thumb Code    20  inv_mpu_dmp_motion_driver.o(.text)
    dmp_set_orientation                      0x080069bd   Thumb Code   290  inv_mpu_dmp_motion_driver.o(.text)
    dmp_set_gyro_bias                        0x08006adf   Thumb Code   294  inv_mpu_dmp_motion_driver.o(.text)
    dmp_set_accel_bias                       0x08006c05   Thumb Code   300  inv_mpu_dmp_motion_driver.o(.text)
    dmp_set_fifo_rate                        0x08006d31   Thumb Code   136  inv_mpu_dmp_motion_driver.o(.text)
    dmp_get_fifo_rate                        0x08006db9   Thumb Code    12  inv_mpu_dmp_motion_driver.o(.text)
    dmp_set_tap_thresh                       0x08006dc5   Thumb Code   396  inv_mpu_dmp_motion_driver.o(.text)
    dmp_set_tap_axes                         0x08006f51   Thumb Code    70  inv_mpu_dmp_motion_driver.o(.text)
    dmp_set_tap_count                        0x08006f97   Thumb Code    38  inv_mpu_dmp_motion_driver.o(.text)
    dmp_set_tap_time                         0x08006fbd   Thumb Code    38  inv_mpu_dmp_motion_driver.o(.text)
    dmp_set_tap_time_multi                   0x08006fe3   Thumb Code    38  inv_mpu_dmp_motion_driver.o(.text)
    dmp_set_shake_reject_thresh              0x08007009   Thumb Code    56  inv_mpu_dmp_motion_driver.o(.text)
    dmp_set_shake_reject_time                0x08007041   Thumb Code    38  inv_mpu_dmp_motion_driver.o(.text)
    dmp_set_shake_reject_timeout             0x08007067   Thumb Code    38  inv_mpu_dmp_motion_driver.o(.text)
    dmp_get_pedometer_step_count             0x0800708d   Thumb Code    66  inv_mpu_dmp_motion_driver.o(.text)
    dmp_set_pedometer_step_count             0x080070cf   Thumb Code    42  inv_mpu_dmp_motion_driver.o(.text)
    dmp_get_pedometer_walk_time              0x080070f9   Thumb Code    72  inv_mpu_dmp_motion_driver.o(.text)
    dmp_set_pedometer_walk_time              0x08007141   Thumb Code    48  inv_mpu_dmp_motion_driver.o(.text)
    dmp_enable_6x_lp_quat                    0x08007171   Thumb Code    84  inv_mpu_dmp_motion_driver.o(.text)
    dmp_enable_lp_quat                       0x080071c5   Thumb Code    60  inv_mpu_dmp_motion_driver.o(.text)
    dmp_enable_gyro_cal                      0x08007201   Thumb Code    62  inv_mpu_dmp_motion_driver.o(.text)
    dmp_enable_feature                       0x0800723f   Thumb Code   530  inv_mpu_dmp_motion_driver.o(.text)
    dmp_get_enabled_features                 0x08007451   Thumb Code    12  inv_mpu_dmp_motion_driver.o(.text)
    dmp_set_interrupt_mode                   0x080074bb   Thumb Code    66  inv_mpu_dmp_motion_driver.o(.text)
    dmp_read_fifo                            0x080074fd   Thumb Code   514  inv_mpu_dmp_motion_driver.o(.text)
    dmp_register_tap_cb                      0x080076ff   Thumb Code    10  inv_mpu_dmp_motion_driver.o(.text)
    dmp_register_android_orient_cb           0x08007709   Thumb Code    10  inv_mpu_dmp_motion_driver.o(.text)
    __use_no_semihosting                     0x08007719   Thumb Code     2  use_no_semi_2.o(.text)
    __aeabi_ldivmod                          0x0800771b   Thumb Code     0  llsdiv.o(.text)
    _ll_sdiv                                 0x0800771b   Thumb Code    72  llsdiv.o(.text)
    __2printf                                0x08007765   Thumb Code    20  noretval__2printf.o(.text)
    __printf                                 0x0800777d   Thumb Code   104  __printf.o(.text)
    _printf_int_dec                          0x080077e5   Thumb Code   104  _printf_dec.o(.text)
    memcmp                                   0x0800785d   Thumb Code    88  memcmp.o(.text)
    __aeabi_memset                           0x080078b5   Thumb Code    16  aeabi_memset.o(.text)
    __use_two_region_memory                  0x080078c5   Thumb Code     2  heapauxi.o(.text)
    __rt_heap_escrow$2region                 0x080078c7   Thumb Code     2  heapauxi.o(.text)
    __rt_heap_expand$2region                 0x080078c9   Thumb Code     2  heapauxi.o(.text)
    __I$use$semihosting                      0x080078cb   Thumb Code     0  use_no_semi.o(.text)
    __use_no_semihosting_swi                 0x080078cb   Thumb Code     2  use_no_semi.o(.text)
    __aeabi_uldivmod                         0x080078cd   Thumb Code     0  lludivv7m.o(.text)
    _ll_udiv                                 0x080078cd   Thumb Code   238  lludivv7m.o(.text)
    __read_errno                             0x080079bb   Thumb Code    10  _rserrno.o(.text)
    __set_errno                              0x080079c5   Thumb Code    12  _rserrno.o(.text)
    _printf_int_common                       0x080079d1   Thumb Code   178  _printf_intcommon.o(.text)
    _printf_char_file                        0x08007a85   Thumb Code    32  _printf_char_file.o(.text)
    __aeabi_memclr                           0x08007aa9   Thumb Code     0  rt_memclr.o(.text)
    __rt_memclr                              0x08007aa9   Thumb Code    68  rt_memclr.o(.text)
    _memset                                  0x08007aad   Thumb Code     0  rt_memclr.o(.text)
    __aeabi_errno_addr                       0x08007aed   Thumb Code     8  rt_errno_addr_intlibspace.o(.text)
    __errno$intlibspace                      0x08007aed   Thumb Code     0  rt_errno_addr_intlibspace.o(.text)
    __rt_errno_addr$intlibspace              0x08007aed   Thumb Code     0  rt_errno_addr_intlibspace.o(.text)
    _printf_char_common                      0x08007aff   Thumb Code    32  _printf_char_common.o(.text)
    ferror                                   0x08007b25   Thumb Code     8  ferror.o(.text)
    __aeabi_memclr4                          0x08007b2d   Thumb Code     0  rt_memclr_w.o(.text)
    __aeabi_memclr8                          0x08007b2d   Thumb Code     0  rt_memclr_w.o(.text)
    __rt_memclr_w                            0x08007b2d   Thumb Code    78  rt_memclr_w.o(.text)
    _memset_w                                0x08007b31   Thumb Code     0  rt_memclr_w.o(.text)
    __user_libspace                          0x08007b7d   Thumb Code     8  libspace.o(.text)
    __user_perproc_libspace                  0x08007b7d   Thumb Code     0  libspace.o(.text)
    __user_perthread_libspace                0x08007b7d   Thumb Code     0  libspace.o(.text)
    __user_setup_stackheap                   0x08007b85   Thumb Code    74  sys_stackheap_outer.o(.text)
    exit                                     0x08007bcf   Thumb Code    18  exit.o(.text)
    __ARM_fpclassify                         0x08007be1   Thumb Code    40  fpclassify.o(i.__ARM_fpclassify)
    __kernel_poly                            0x08007c09   Thumb Code   170  poly.o(i.__kernel_poly)
    __mathlib_dbl_infnan                     0x08007cb3   Thumb Code     6  dunder.o(i.__mathlib_dbl_infnan)
    __mathlib_dbl_infnan2                    0x08007cb9   Thumb Code     4  dunder.o(i.__mathlib_dbl_infnan2)
    __mathlib_dbl_invalid                    0x08007cbd   Thumb Code    12  dunder.o(i.__mathlib_dbl_invalid)
    __mathlib_dbl_underflow                  0x08007cc9   Thumb Code    10  dunder.o(i.__mathlib_dbl_underflow)
    asin                                     0x08007cd9   Thumb Code   572  asin.o(i.asin)
    atan                                     0x08007f49   Thumb Code   474  atan.o(i.atan)
    atan2                                    0x08008169   Thumb Code   346  atan2.o(i.atan2)
    sqrt                                     0x080082e9   Thumb Code    76  sqrt.o(i.sqrt)
    __aeabi_d2f                              0x08008335   Thumb Code     0  d2f.o(x$fpl$d2f)
    _d2f                                     0x08008335   Thumb Code    98  d2f.o(x$fpl$d2f)
    __aeabi_dadd                             0x08008399   Thumb Code     0  daddsub_clz.o(x$fpl$dadd)
    _dadd                                    0x08008399   Thumb Code   332  daddsub_clz.o(x$fpl$dadd)
    __fpl_dcheck_NaN1                        0x080084e9   Thumb Code    10  dcheck1.o(x$fpl$dcheck1)
    __fpl_dcmp_Inf                           0x080084f9   Thumb Code    24  dcmpi.o(x$fpl$dcmpinf)
    __aeabi_ddiv                             0x08008511   Thumb Code     0  ddiv.o(x$fpl$ddiv)
    _ddiv                                    0x08008511   Thumb Code   552  ddiv.o(x$fpl$ddiv)
    __aeabi_d2iz                             0x080087c1   Thumb Code     0  dfix.o(x$fpl$dfix)
    _dfix                                    0x080087c1   Thumb Code    94  dfix.o(x$fpl$dfix)
    __aeabi_ui2d                             0x0800881f   Thumb Code     0  dflt_clz.o(x$fpl$dfltu)
    _dfltu                                   0x0800881f   Thumb Code    38  dflt_clz.o(x$fpl$dfltu)
    __aeabi_cdcmple                          0x08008845   Thumb Code     0  dleqf.o(x$fpl$dleqf)
    _dcmple                                  0x08008845   Thumb Code   120  dleqf.o(x$fpl$dleqf)
    __fpl_dcmple_InfNaN                      0x080088a7   Thumb Code     0  dleqf.o(x$fpl$dleqf)
    __aeabi_dmul                             0x080088bd   Thumb Code     0  dmul.o(x$fpl$dmul)
    _dmul                                    0x080088bd   Thumb Code   332  dmul.o(x$fpl$dmul)
    __fpl_dnaninf                            0x08008a11   Thumb Code   156  dnaninf.o(x$fpl$dnaninf)
    __fpl_dretinf                            0x08008aad   Thumb Code    12  dretinf.o(x$fpl$dretinf)
    __aeabi_drsub                            0x08008ab9   Thumb Code     0  daddsub_clz.o(x$fpl$drsb)
    _drsb                                    0x08008ab9   Thumb Code    22  daddsub_clz.o(x$fpl$drsb)
    _dsqrt                                   0x08008ad1   Thumb Code   456  dsqrt_noumaal.o(x$fpl$dsqrt)
    __aeabi_dsub                             0x08008c9d   Thumb Code     0  daddsub_clz.o(x$fpl$dsub)
    _dsub                                    0x08008c9d   Thumb Code   464  daddsub_clz.o(x$fpl$dsub)
    __aeabi_f2d                              0x08008e71   Thumb Code     0  f2d.o(x$fpl$f2d)
    _f2d                                     0x08008e71   Thumb Code    86  f2d.o(x$fpl$f2d)
    __aeabi_fadd                             0x08008ec9   Thumb Code     0  faddsub_clz.o(x$fpl$fadd)
    _fadd                                    0x08008ec9   Thumb Code   196  faddsub_clz.o(x$fpl$fadd)
    __fpl_fcmp_Inf                           0x08008f8d   Thumb Code    24  fcmpi.o(x$fpl$fcmpinf)
    __aeabi_fdiv                             0x08008fa5   Thumb Code     0  fdiv.o(x$fpl$fdiv)
    _fdiv                                    0x08008fa5   Thumb Code   384  fdiv.o(x$fpl$fdiv)
    __aeabi_cfcmpeq                          0x08009129   Thumb Code     0  feqf.o(x$fpl$feqf)
    _fcmpeq                                  0x08009129   Thumb Code   104  feqf.o(x$fpl$feqf)
    __aeabi_f2iz                             0x08009191   Thumb Code     0  ffix.o(x$fpl$ffix)
    _ffix                                    0x08009191   Thumb Code    54  ffix.o(x$fpl$ffix)
    __aeabi_f2uiz                            0x080091c9   Thumb Code     0  ffixu.o(x$fpl$ffixu)
    _ffixu                                   0x080091c9   Thumb Code    62  ffixu.o(x$fpl$ffixu)
    __aeabi_i2f                              0x08009209   Thumb Code     0  fflt_clz.o(x$fpl$fflt)
    _fflt                                    0x08009209   Thumb Code    48  fflt_clz.o(x$fpl$fflt)
    __aeabi_ui2f                             0x08009239   Thumb Code     0  fflt_clz.o(x$fpl$ffltu)
    _ffltu                                   0x08009239   Thumb Code    38  fflt_clz.o(x$fpl$ffltu)
    __aeabi_cfcmple                          0x08009261   Thumb Code     0  fleqf.o(x$fpl$fleqf)
    _fcmple                                  0x08009261   Thumb Code   104  fleqf.o(x$fpl$fleqf)
    __fpl_fcmple_InfNaN                      0x080092b3   Thumb Code     0  fleqf.o(x$fpl$fleqf)
    __aeabi_fmul                             0x080092c9   Thumb Code     0  fmul.o(x$fpl$fmul)
    _fmul                                    0x080092c9   Thumb Code   258  fmul.o(x$fpl$fmul)
    __fpl_fnaninf                            0x080093cb   Thumb Code   140  fnaninf.o(x$fpl$fnaninf)
    __fpl_fretinf                            0x08009457   Thumb Code    10  fretinf.o(x$fpl$fretinf)
    __aeabi_cfrcmple                         0x08009461   Thumb Code     0  frleqf.o(x$fpl$frleqf)
    _frcmple                                 0x08009461   Thumb Code    98  frleqf.o(x$fpl$frleqf)
    __aeabi_frsub                            0x080094c3   Thumb Code     0  faddsub_clz.o(x$fpl$frsb)
    _frsb                                    0x080094c3   Thumb Code    20  faddsub_clz.o(x$fpl$frsb)
    __aeabi_fsub                             0x080094d9   Thumb Code     0  faddsub_clz.o(x$fpl$fsub)
    _fsub                                    0x080094d9   Thumb Code   234  faddsub_clz.o(x$fpl$fsub)
    __fpl_return_NaN                         0x080095c3   Thumb Code   100  retnan.o(x$fpl$retnan)
    __ARM_scalbn                             0x08009627   Thumb Code    92  scalbn.o(x$fpl$scalbn)
    __fpl_cmpreturn                          0x08009683   Thumb Code    48  trapv.o(x$fpl$trapveneer)
    __I$use$fp                               0x080096b2   Number         0  usenofp.o(x$fpl$usenofp)
    oled_asc2_1206                           0x080096b2   Data        1140  oled.o(.constdata)
    oled_asc2_1608                           0x08009b26   Data        1520  oled.o(.constdata)
    hw                                       0x0800a118   Data          12  inv_mpu.o(.constdata)
    reg                                      0x0800a124   Data          27  inv_mpu.o(.constdata)
    test                                     0x0800a140   Data          40  inv_mpu.o(.constdata)
    __mathlib_zero                           0x0800ae48   Data           8  qnan.o(.constdata)
    Region$$Table$$Base                      0x0800aea0   Number         0  anon$$obj.o(Region$$Table)
    Region$$Table$$Limit                     0x0800aec0   Number         0  anon$$obj.o(Region$$Table)
    Flag_Qian                                0x20000000   Data           1  main.o(.data)
    Flag_Hou                                 0x20000001   Data           1  main.o(.data)
    Flag_Left                                0x20000002   Data           1  main.o(.data)
    Flag_Right                               0x20000003   Data           1  main.o(.data)
    Flag_sudu                                0x20000004   Data           1  main.o(.data)
    Flag_Stop                                0x20000005   Data           1  main.o(.data)
    Flag_Show                                0x20000006   Data           1  main.o(.data)
    Encoder_Left                             0x20000008   Data           4  main.o(.data)
    Encoder_Right                            0x2000000c   Data           4  main.o(.data)
    Moto1                                    0x20000010   Data           4  main.o(.data)
    Moto2                                    0x20000014   Data           4  main.o(.data)
    Temperature                              0x20000018   Data           4  main.o(.data)
    Voltage                                  0x2000001c   Data           4  main.o(.data)
    Angle_Balance                            0x20000020   Data           4  main.o(.data)
    Gyro_Balance                             0x20000024   Data           4  main.o(.data)
    Gyro_Turn                                0x20000028   Data           4  main.o(.data)
    Distance                                 0x2000002c   Data           4  main.o(.data)
    SystemCoreClock                          0x20000030   Data           4  system_stm32f10x.o(.data)
    AHBPrescTable                            0x20000034   Data          16  system_stm32f10x.o(.data)
    __stdout                                 0x20000048   Data           4  usart.o(.data)
    Usart3_Receive                           0x20000050   Data           1  usart3.o(.data)
    gyro                                     0x20000054   Data           6  mpu6050.o(.data)
    accel                                    0x2000005a   Data           6  mpu6050.o(.data)
    sensors                                  0x20000060   Data           2  mpu6050.o(.data)
    Pitch                                    0x20000064   Data           4  mpu6050.o(.data)
    q0                                       0x20000068   Data           4  mpu6050.o(.data)
    q1                                       0x2000006c   Data           4  mpu6050.o(.data)
    q2                                       0x20000070   Data           4  mpu6050.o(.data)
    q3                                       0x20000074   Data           4  mpu6050.o(.data)
    Gx_offset                                0x20000082   Data           2  mpu6050.o(.data)
    Gy_offset                                0x20000084   Data           2  mpu6050.o(.data)
    Gz_offset                                0x20000086   Data           2  mpu6050.o(.data)
    Flag_Target                              0x20000088   Data           1  control.o(.data)
    Acceleration_Z                           0x2000008c   Data           4  control.o(.data)
    Balance_Pwm                              0x20000090   Data           4  control.o(.data)
    Velocity_Pwm                             0x20000094   Data           4  control.o(.data)
    Turn_Pwm                                 0x20000098   Data           4  control.o(.data)
    K1                                       0x200000c8   Data           4  filter.o(.data)
    angle                                    0x200000cc   Data           4  filter.o(.data)
    angle_dot                                0x200000d0   Data           4  filter.o(.data)
    Q_angle                                  0x200000d4   Data           4  filter.o(.data)
    Q_gyro                                   0x200000d8   Data           4  filter.o(.data)
    R_angle                                  0x200000dc   Data           4  filter.o(.data)
    dt                                       0x200000e0   Data           4  filter.o(.data)
    C_0                                      0x200000e4   Data           1  filter.o(.data)
    Q_bias                                   0x200000e8   Data           4  filter.o(.data)
    Angle_err                                0x200000ec   Data           4  filter.o(.data)
    PCt_0                                    0x200000f0   Data           4  filter.o(.data)
    PCt_1                                    0x200000f4   Data           4  filter.o(.data)
    E                                        0x200000f8   Data           4  filter.o(.data)
    K_0                                      0x200000fc   Data           4  filter.o(.data)
    K_1                                      0x20000100   Data           4  filter.o(.data)
    t_0                                      0x20000104   Data           4  filter.o(.data)
    t_1                                      0x20000108   Data           4  filter.o(.data)
    PP                                       0x2000010c   Data          16  filter.o(.data)
    OLED_GRAM                                0x2000015c   Data        1024  oled.o(.bss)
    buffer                                   0x2000055c   Data          14  mpu6050.o(.bss)
    MPU6050_FIFO                             0x2000056a   Data         132  mpu6050.o(.bss)
    Pdot                                     0x200005f0   Data          16  filter.o(.bss)
    __libspace_start                         0x20000610   Data          96  libspace.o(.bss)
    __temporary_stack_top$libspace           0x20000670   Data           0  libspace.o(.bss)



==============================================================================

Memory Map of the image

  Image Entry point : 0x08000909

  Load Region LR_1 (Base: 0x08000000, Size: 0x0000b01c, Max: 0xffffffff, ABSOLUTE, COMPRESSED[0x0000af14])

    Execution Region ER_RO (Exec base: 0x08000000, Load base: 0x08000000, Size: 0x0000aec0, Max: 0xffffffff, ABSOLUTE)

    Exec Addr    Load Addr    Size         Type   Attr      Idx    E Section Name        Object

    0x08000000   0x08000000   0x00000130   Data   RO          304    RESET               startup_stm32f10x_hd.o
    0x08000130   0x08000130   0x00000008   Code   RO          886  * !!!main             c_w.l(__main.o)
    0x08000138   0x08000138   0x00000034   Code   RO         1217    !!!scatter          c_w.l(__scatter.o)
    0x0800016c   0x0800016c   0x0000005a   Code   RO         1215    !!dczerorl2         c_w.l(__dczerorl2.o)
    0x080001c6   0x080001c6   0x00000002   PAD
    0x080001c8   0x080001c8   0x0000001c   Code   RO         1219    !!handler_zi        c_w.l(__scatter_zi.o)
    0x080001e4   0x080001e4   0x00000000   Code   RO          879    .ARM.Collect$$_printf_percent$$00000000  c_w.l(_printf_percent.o)
    0x080001e4   0x080001e4   0x00000006   Code   RO          878    .ARM.Collect$$_printf_percent$$00000009  c_w.l(_printf_d.o)
    0x080001ea   0x080001ea   0x00000004   Code   RO          977    .ARM.Collect$$_printf_percent$$00000017  c_w.l(_printf_percent_end.o)
    0x080001ee   0x080001ee   0x00000002   Code   RO         1084    .ARM.Collect$$libinit$$00000000  c_w.l(libinit.o)
    0x080001f0   0x080001f0   0x00000000   Code   RO         1094    .ARM.Collect$$libinit$$00000002  c_w.l(libinit2.o)
    0x080001f0   0x080001f0   0x00000000   Code   RO         1096    .ARM.Collect$$libinit$$00000004  c_w.l(libinit2.o)
    0x080001f0   0x080001f0   0x00000000   Code   RO         1099    .ARM.Collect$$libinit$$0000000A  c_w.l(libinit2.o)
    0x080001f0   0x080001f0   0x00000000   Code   RO         1101    .ARM.Collect$$libinit$$0000000C  c_w.l(libinit2.o)
    0x080001f0   0x080001f0   0x00000000   Code   RO         1103    .ARM.Collect$$libinit$$0000000E  c_w.l(libinit2.o)
    0x080001f0   0x080001f0   0x00000000   Code   RO         1106    .ARM.Collect$$libinit$$00000011  c_w.l(libinit2.o)
    0x080001f0   0x080001f0   0x00000000   Code   RO         1108    .ARM.Collect$$libinit$$00000013  c_w.l(libinit2.o)
    0x080001f0   0x080001f0   0x00000000   Code   RO         1110    .ARM.Collect$$libinit$$00000015  c_w.l(libinit2.o)
    0x080001f0   0x080001f0   0x00000000   Code   RO         1112    .ARM.Collect$$libinit$$00000017  c_w.l(libinit2.o)
    0x080001f0   0x080001f0   0x00000000   Code   RO         1114    .ARM.Collect$$libinit$$00000019  c_w.l(libinit2.o)
    0x080001f0   0x080001f0   0x00000000   Code   RO         1116    .ARM.Collect$$libinit$$0000001B  c_w.l(libinit2.o)
    0x080001f0   0x080001f0   0x00000000   Code   RO         1118    .ARM.Collect$$libinit$$0000001D  c_w.l(libinit2.o)
    0x080001f0   0x080001f0   0x00000000   Code   RO         1120    .ARM.Collect$$libinit$$0000001F  c_w.l(libinit2.o)
    0x080001f0   0x080001f0   0x00000000   Code   RO         1122    .ARM.Collect$$libinit$$00000021  c_w.l(libinit2.o)
    0x080001f0   0x080001f0   0x00000000   Code   RO         1124    .ARM.Collect$$libinit$$00000023  c_w.l(libinit2.o)
    0x080001f0   0x080001f0   0x00000000   Code   RO         1126    .ARM.Collect$$libinit$$00000025  c_w.l(libinit2.o)
    0x080001f0   0x080001f0   0x00000000   Code   RO         1130    .ARM.Collect$$libinit$$0000002C  c_w.l(libinit2.o)
    0x080001f0   0x080001f0   0x00000000   Code   RO         1132    .ARM.Collect$$libinit$$0000002E  c_w.l(libinit2.o)
    0x080001f0   0x080001f0   0x00000000   Code   RO         1134    .ARM.Collect$$libinit$$00000030  c_w.l(libinit2.o)
    0x080001f0   0x080001f0   0x00000000   Code   RO         1136    .ARM.Collect$$libinit$$00000032  c_w.l(libinit2.o)
    0x080001f0   0x080001f0   0x00000002   Code   RO         1137    .ARM.Collect$$libinit$$00000033  c_w.l(libinit2.o)
    0x080001f2   0x080001f2   0x00000002   Code   RO         1167    .ARM.Collect$$libshutdown$$00000000  c_w.l(libshutdown.o)
    0x080001f4   0x080001f4   0x00000000   Code   RO         1181    .ARM.Collect$$libshutdown$$00000002  c_w.l(libshutdown2.o)
    0x080001f4   0x080001f4   0x00000000   Code   RO         1183    .ARM.Collect$$libshutdown$$00000004  c_w.l(libshutdown2.o)
    0x080001f4   0x080001f4   0x00000000   Code   RO         1186    .ARM.Collect$$libshutdown$$00000007  c_w.l(libshutdown2.o)
    0x080001f4   0x080001f4   0x00000000   Code   RO         1189    .ARM.Collect$$libshutdown$$0000000A  c_w.l(libshutdown2.o)
    0x080001f4   0x080001f4   0x00000000   Code   RO         1191    .ARM.Collect$$libshutdown$$0000000C  c_w.l(libshutdown2.o)
    0x080001f4   0x080001f4   0x00000000   Code   RO         1194    .ARM.Collect$$libshutdown$$0000000F  c_w.l(libshutdown2.o)
    0x080001f4   0x080001f4   0x00000002   Code   RO         1195    .ARM.Collect$$libshutdown$$00000010  c_w.l(libshutdown2.o)
    0x080001f6   0x080001f6   0x00000000   Code   RO          968    .ARM.Collect$$rtentry$$00000000  c_w.l(__rtentry.o)
    0x080001f6   0x080001f6   0x00000000   Code   RO         1033    .ARM.Collect$$rtentry$$00000002  c_w.l(__rtentry2.o)
    0x080001f6   0x080001f6   0x00000006   Code   RO         1045    .ARM.Collect$$rtentry$$00000004  c_w.l(__rtentry4.o)
    0x080001fc   0x080001fc   0x00000000   Code   RO         1035    .ARM.Collect$$rtentry$$00000009  c_w.l(__rtentry2.o)
    0x080001fc   0x080001fc   0x00000004   Code   RO         1036    .ARM.Collect$$rtentry$$0000000A  c_w.l(__rtentry2.o)
    0x08000200   0x08000200   0x00000000   Code   RO         1038    .ARM.Collect$$rtentry$$0000000C  c_w.l(__rtentry2.o)
    0x08000200   0x08000200   0x00000008   Code   RO         1039    .ARM.Collect$$rtentry$$0000000D  c_w.l(__rtentry2.o)
    0x08000208   0x08000208   0x00000002   Code   RO         1087    .ARM.Collect$$rtexit$$00000000  c_w.l(rtexit.o)
    0x0800020a   0x0800020a   0x00000000   Code   RO         1141    .ARM.Collect$$rtexit$$00000002  c_w.l(rtexit2.o)
    0x0800020a   0x0800020a   0x00000004   Code   RO         1142    .ARM.Collect$$rtexit$$00000003  c_w.l(rtexit2.o)
    0x0800020e   0x0800020e   0x00000006   Code   RO         1143    .ARM.Collect$$rtexit$$00000004  c_w.l(rtexit2.o)
    0x08000214   0x08000214   0x0000000c   Code   RO          256    .emb_text           sys.o
    0x08000220   0x08000220   0x00000074   Code   RO            1    .text               main.o
    0x08000294   0x08000294   0x0000001a   Code   RO          179    .text               stm32f10x_it.o
    0x080002ae   0x080002ae   0x00000002   PAD
    0x080002b0   0x080002b0   0x000001e0   Code   RO          220    .text               system_stm32f10x.o
    0x08000490   0x08000490   0x000000b0   Code   RO          238    .text               delay.o
    0x08000540   0x08000540   0x000002bc   Code   RO          257    .text               sys.o
    0x080007fc   0x080007fc   0x0000010c   Code   RO          273    .text               usart.o
    0x08000908   0x08000908   0x00000040   Code   RO          305  * .text               startup_stm32f10x_hd.o
    0x08000948   0x08000948   0x00000064   Code   RO          309    .text               led.o
    0x080009ac   0x080009ac   0x00000068   Code   RO          322    .text               timer.o
    0x08000a14   0x08000a14   0x000000d4   Code   RO          334    .text               motor.o
    0x08000ae8   0x08000ae8   0x000001a0   Code   RO          346    .text               encoder.o
    0x08000c88   0x08000c88   0x00000526   Code   RO          358    .text               ioi2c.o
    0x080011ae   0x080011ae   0x00000002   PAD
    0x080011b0   0x080011b0   0x0000044e   Code   RO          398    .text               oled.o
    0x080015fe   0x080015fe   0x00000002   PAD
    0x08001600   0x08001600   0x00000160   Code   RO          417    .text               usart3.o
    0x08001760   0x08001760   0x00000780   Code   RO          435    .text               mpu6050.o
    0x08001ee0   0x08001ee0   0x00000118   Code   RO          459    .text               adc.o
    0x08001ff8   0x08001ff8   0x000001d0   Code   RO          471    .text               show.o
    0x080021c8   0x080021c8   0x000006f8   Code   RO          486    .text               control.o
    0x080028c0   0x080028c0   0x00000278   Code   RO          508    .text               filter.o
    0x08002b38   0x08002b38   0x000000dc   Code   RO          527    .text               misc.o
    0x08002c14   0x08002c14   0x0000044e   Code   RO          539    .text               stm32f10x_adc.o
    0x08003062   0x08003062   0x00000002   PAD
    0x08003064   0x08003064   0x000000c4   Code   RO          551    .text               stm32f10x_bkp.o
    0x08003128   0x08003128   0x0000035c   Code   RO          671    .text               stm32f10x_gpio.o
    0x08003484   0x08003484   0x000000cc   Code   RO          707    .text               stm32f10x_pwr.o
    0x08003550   0x08003550   0x000003a4   Code   RO          719    .text               stm32f10x_rcc.o
    0x080038f4   0x080038f4   0x00000e1a   Code   RO          769    .text               stm32f10x_tim.o
    0x0800470e   0x0800470e   0x00000002   PAD
    0x08004710   0x08004710   0x00000408   Code   RO          781    .text               stm32f10x_usart.o
    0x08004b18   0x08004b18   0x00001e90   Code   RO          805    .text               inv_mpu.o
    0x080069a8   0x080069a8   0x00000d70   Code   RO          829    .text               inv_mpu_dmp_motion_driver.o
    0x08007718   0x08007718   0x00000002   Code   RO          846    .text               c_w.l(use_no_semi_2.o)
    0x0800771a   0x0800771a   0x00000048   Code   RO          848    .text               c_w.l(llsdiv.o)
    0x08007762   0x08007762   0x00000002   PAD
    0x08007764   0x08007764   0x00000018   Code   RO          852    .text               c_w.l(noretval__2printf.o)
    0x0800777c   0x0800777c   0x00000068   Code   RO          854    .text               c_w.l(__printf.o)
    0x080077e4   0x080077e4   0x00000078   Code   RO          856    .text               c_w.l(_printf_dec.o)
    0x0800785c   0x0800785c   0x00000058   Code   RO          880    .text               c_w.l(memcmp.o)
    0x080078b4   0x080078b4   0x00000010   Code   RO          882    .text               c_w.l(aeabi_memset.o)
    0x080078c4   0x080078c4   0x00000006   Code   RO          884    .text               c_w.l(heapauxi.o)
    0x080078ca   0x080078ca   0x00000002   Code   RO          966    .text               c_w.l(use_no_semi.o)
    0x080078cc   0x080078cc   0x000000ee   Code   RO          969    .text               c_w.l(lludivv7m.o)
    0x080079ba   0x080079ba   0x00000016   Code   RO          971    .text               c_w.l(_rserrno.o)
    0x080079d0   0x080079d0   0x000000b2   Code   RO          973    .text               c_w.l(_printf_intcommon.o)
    0x08007a82   0x08007a82   0x00000002   PAD
    0x08007a84   0x08007a84   0x00000024   Code   RO          975    .text               c_w.l(_printf_char_file.o)
    0x08007aa8   0x08007aa8   0x00000044   Code   RO          978    .text               c_w.l(rt_memclr.o)
    0x08007aec   0x08007aec   0x00000008   Code   RO         1054    .text               c_w.l(rt_errno_addr_intlibspace.o)
    0x08007af4   0x08007af4   0x00000030   Code   RO         1056    .text               c_w.l(_printf_char_common.o)
    0x08007b24   0x08007b24   0x00000008   Code   RO         1058    .text               c_w.l(ferror.o)
    0x08007b2c   0x08007b2c   0x0000004e   Code   RO         1062    .text               c_w.l(rt_memclr_w.o)
    0x08007b7a   0x08007b7a   0x00000002   PAD
    0x08007b7c   0x08007b7c   0x00000008   Code   RO         1068    .text               c_w.l(libspace.o)
    0x08007b84   0x08007b84   0x0000004a   Code   RO         1071    .text               c_w.l(sys_stackheap_outer.o)
    0x08007bce   0x08007bce   0x00000012   Code   RO         1077    .text               c_w.l(exit.o)
    0x08007be0   0x08007be0   0x00000028   Code   RO         1019    i.__ARM_fpclassify  m_ws.l(fpclassify.o)
    0x08007c08   0x08007c08   0x000000aa   Code   RO         1021    i.__kernel_poly     m_ws.l(poly.o)
    0x08007cb2   0x08007cb2   0x00000006   Code   RO         1006    i.__mathlib_dbl_infnan  m_ws.l(dunder.o)
    0x08007cb8   0x08007cb8   0x00000004   Code   RO         1007    i.__mathlib_dbl_infnan2  m_ws.l(dunder.o)
    0x08007cbc   0x08007cbc   0x0000000c   Code   RO         1008    i.__mathlib_dbl_invalid  m_ws.l(dunder.o)
    0x08007cc8   0x08007cc8   0x00000010   Code   RO         1011    i.__mathlib_dbl_underflow  m_ws.l(dunder.o)
    0x08007cd8   0x08007cd8   0x00000270   Code   RO          949    i.asin              m_ws.l(asin.o)
    0x08007f48   0x08007f48   0x00000220   Code   RO          996    i.atan              m_ws.l(atan.o)
    0x08008168   0x08008168   0x00000180   Code   RO          959    i.atan2             m_ws.l(atan2.o)
    0x080082e8   0x080082e8   0x0000004c   Code   RO         1025    i.sqrt              m_ws.l(sqrt.o)
    0x08008334   0x08008334   0x00000062   Code   RO          888    x$fpl$d2f           fz_ws.l(d2f.o)
    0x08008396   0x08008396   0x00000002   PAD
    0x08008398   0x08008398   0x00000150   Code   RO          890    x$fpl$dadd          fz_ws.l(daddsub_clz.o)
    0x080084e8   0x080084e8   0x00000010   Code   RO         1064    x$fpl$dcheck1       fz_ws.l(dcheck1.o)
    0x080084f8   0x080084f8   0x00000018   Code   RO          980    x$fpl$dcmpinf       fz_ws.l(dcmpi.o)
    0x08008510   0x08008510   0x000002b0   Code   RO          897    x$fpl$ddiv          fz_ws.l(ddiv.o)
    0x080087c0   0x080087c0   0x0000005e   Code   RO          900    x$fpl$dfix          fz_ws.l(dfix.o)
    0x0800881e   0x0800881e   0x00000026   Code   RO          904    x$fpl$dfltu         fz_ws.l(dflt_clz.o)
    0x08008844   0x08008844   0x00000078   Code   RO          910    x$fpl$dleqf         fz_ws.l(dleqf.o)
    0x080088bc   0x080088bc   0x00000154   Code   RO          912    x$fpl$dmul          fz_ws.l(dmul.o)
    0x08008a10   0x08008a10   0x0000009c   Code   RO          982    x$fpl$dnaninf       fz_ws.l(dnaninf.o)
    0x08008aac   0x08008aac   0x0000000c   Code   RO          984    x$fpl$dretinf       fz_ws.l(dretinf.o)
    0x08008ab8   0x08008ab8   0x00000016   Code   RO          891    x$fpl$drsb          fz_ws.l(daddsub_clz.o)
    0x08008ace   0x08008ace   0x00000002   PAD
    0x08008ad0   0x08008ad0   0x000001cc   Code   RO         1066    x$fpl$dsqrt         fz_ws.l(dsqrt_noumaal.o)
    0x08008c9c   0x08008c9c   0x000001d4   Code   RO          892    x$fpl$dsub          fz_ws.l(daddsub_clz.o)
    0x08008e70   0x08008e70   0x00000056   Code   RO          914    x$fpl$f2d           fz_ws.l(f2d.o)
    0x08008ec6   0x08008ec6   0x00000002   PAD
    0x08008ec8   0x08008ec8   0x000000c4   Code   RO          916    x$fpl$fadd          fz_ws.l(faddsub_clz.o)
    0x08008f8c   0x08008f8c   0x00000018   Code   RO          986    x$fpl$fcmpinf       fz_ws.l(fcmpi.o)
    0x08008fa4   0x08008fa4   0x00000184   Code   RO          923    x$fpl$fdiv          fz_ws.l(fdiv.o)
    0x08009128   0x08009128   0x00000068   Code   RO          926    x$fpl$feqf          fz_ws.l(feqf.o)
    0x08009190   0x08009190   0x00000036   Code   RO          928    x$fpl$ffix          fz_ws.l(ffix.o)
    0x080091c6   0x080091c6   0x00000002   PAD
    0x080091c8   0x080091c8   0x0000003e   Code   RO          932    x$fpl$ffixu         fz_ws.l(ffixu.o)
    0x08009206   0x08009206   0x00000002   PAD
    0x08009208   0x08009208   0x00000030   Code   RO          937    x$fpl$fflt          fz_ws.l(fflt_clz.o)
    0x08009238   0x08009238   0x00000026   Code   RO          936    x$fpl$ffltu         fz_ws.l(fflt_clz.o)
    0x0800925e   0x0800925e   0x00000002   PAD
    0x08009260   0x08009260   0x00000068   Code   RO          942    x$fpl$fleqf         fz_ws.l(fleqf.o)
    0x080092c8   0x080092c8   0x00000102   Code   RO          944    x$fpl$fmul          fz_ws.l(fmul.o)
    0x080093ca   0x080093ca   0x0000008c   Code   RO          988    x$fpl$fnaninf       fz_ws.l(fnaninf.o)
    0x08009456   0x08009456   0x0000000a   Code   RO          990    x$fpl$fretinf       fz_ws.l(fretinf.o)
    0x08009460   0x08009460   0x00000062   Code   RO          946    x$fpl$frleqf        fz_ws.l(frleqf.o)
    0x080094c2   0x080094c2   0x00000014   Code   RO          917    x$fpl$frsb          fz_ws.l(faddsub_clz.o)
    0x080094d6   0x080094d6   0x00000002   PAD
    0x080094d8   0x080094d8   0x000000ea   Code   RO          918    x$fpl$fsub          fz_ws.l(faddsub_clz.o)
    0x080095c2   0x080095c2   0x00000064   Code   RO         1085    x$fpl$retnan        fz_ws.l(retnan.o)
    0x08009626   0x08009626   0x0000005c   Code   RO          992    x$fpl$scalbn        fz_ws.l(scalbn.o)
    0x08009682   0x08009682   0x00000030   Code   RO         1138    x$fpl$trapveneer    fz_ws.l(trapv.o)
    0x080096b2   0x080096b2   0x00000000   Code   RO          994    x$fpl$usenofp       fz_ws.l(usenofp.o)
    0x080096b2   0x080096b2   0x00000a64   Data   RO          400    .constdata          oled.o
    0x0800a116   0x0800a116   0x00000002   PAD
    0x0800a118   0x0800a118   0x00000050   Data   RO          806    .constdata          inv_mpu.o
    0x0800a168   0x0800a168   0x00000bf6   Data   RO          831    .constdata          inv_mpu_dmp_motion_driver.o
    0x0800ad5e   0x0800ad5e   0x00000002   PAD
    0x0800ad60   0x0800ad60   0x00000050   Data   RO          950    .constdata          m_ws.l(asin.o)
    0x0800adb0   0x0800adb0   0x00000098   Data   RO          997    .constdata          m_ws.l(atan.o)
    0x0800ae48   0x0800ae48   0x00000008   Data   RO         1023    .constdata          m_ws.l(qnan.o)
    0x0800ae50   0x0800ae50   0x0000004e   Data   RO          807    .conststring        inv_mpu.o
    0x0800ae9e   0x0800ae9e   0x00000002   PAD
    0x0800aea0   0x0800aea0   0x00000020   Data   RO         1213    Region$$Table       anon$$obj.o


    Execution Region ER_RW (Exec base: 0x20000000, Load base: 0x0800aec0, Size: 0x0000015c, Max: 0xffffffff, ABSOLUTE, COMPRESSED[0x00000054])

    Exec Addr    Load Addr    Size         Type   Attr      Idx    E Section Name        Object

    0x20000000   COMPRESSED   0x00000030   Data   RW            2    .data               main.o
    0x20000030   COMPRESSED   0x00000014   Data   RW          221    .data               system_stm32f10x.o
    0x20000044   COMPRESSED   0x00000004   Data   RW          239    .data               delay.o
    0x20000048   COMPRESSED   0x00000004   Data   RW          274    .data               usart.o
    0x2000004c   COMPRESSED   0x00000004   Data   RW          310    .data               led.o
    0x20000050   COMPRESSED   0x00000002   Data   RW          418    .data               usart3.o
    0x20000052   COMPRESSED   0x00000002   PAD
    0x20000054   COMPRESSED   0x00000034   Data   RW          437    .data               mpu6050.o
    0x20000088   COMPRESSED   0x00000040   Data   RW          487    .data               control.o
    0x200000c8   COMPRESSED   0x00000054   Data   RW          510    .data               filter.o
    0x2000011c   COMPRESSED   0x00000014   Data   RW          720    .data               stm32f10x_rcc.o
    0x20000130   COMPRESSED   0x0000002c   Data   RW          808    .data               inv_mpu.o


    Execution Region ER_ZI (Exec base: 0x2000015c, Load base: 0x0800af14, Size: 0x00000b14, Max: 0xffffffff, ABSOLUTE)

    Exec Addr    Load Addr    Size         Type   Attr      Idx    E Section Name        Object

    0x2000015c        -       0x00000400   Zero   RW          399    .bss                oled.o
    0x2000055c        -       0x00000092   Zero   RW          436    .bss                mpu6050.o
    0x200005ee   0x0800af14   0x00000002   PAD
    0x200005f0        -       0x00000010   Zero   RW          509    .bss                filter.o
    0x20000600        -       0x00000010   Zero   RW          830    .bss                inv_mpu_dmp_motion_driver.o
    0x20000610        -       0x00000060   Zero   RW         1069    .bss                c_w.l(libspace.o)
    0x20000670        -       0x00000200   Zero   RW          303    HEAP                startup_stm32f10x_hd.o
    0x20000870        -       0x00000400   Zero   RW          302    STACK               startup_stm32f10x_hd.o


==============================================================================

Image component sizes


      Code (inc. data)   RO Data    RW Data    ZI Data      Debug   Object Name

       280         24          0          0          0        984   adc.o
      1784        244          0         64          0       3698   control.o
       176          8          0          4          0       1007   delay.o
       416         12          0          0          0       1455   encoder.o
       632         74          0         84         16       1630   filter.o
      7824        172        158         44          0      21487   inv_mpu.o
      3440        126       3062          0         16      15007   inv_mpu_dmp_motion_driver.o
      1318         12          0          0          0       5738   ioi2c.o
       100         16          0          4          0        669   led.o
       116          0          0         48          0     261552   main.o
       220         22          0          0          0       1757   misc.o
       212          8          0          0          0        906   motor.o
      1920        442          0         52        146      20705   mpu6050.o
      1102         32       2660          0       1024       4523   oled.o
       464         82          0          0          0        548   show.o
        64         26        304          0       1536        780   startup_stm32f10x_hd.o
      1102         26          0          0          0      11001   stm32f10x_adc.o
       196          8          0          0          0       3456   stm32f10x_bkp.o
       860         38          0          0          0       5689   stm32f10x_gpio.o
        26          0          0          0          0       1158   stm32f10x_it.o
       204         14          0          0          0       1931   stm32f10x_pwr.o
       932         36          0         20          0       8848   stm32f10x_rcc.o
      3610         88          0          0          0      22800   stm32f10x_tim.o
      1032         22          0          0          0       8416   stm32f10x_usart.o
       712         44          0          0          0       2823   sys.o
       480         38          0         20          0       1671   system_stm32f10x.o
       104          4          0          0          0        626   timer.o
       268         26          0          4          0       2714   usart.o
       352         30          0          2          0       1204   usart3.o

    ----------------------------------------------------------------------
     29956       1674       6222        348       2740     414783   Object Totals
         0          0         32          0          0          0   (incl. Generated)
        10          0          6          2          2          0   (incl. Padding)

    ----------------------------------------------------------------------

      Code (inc. data)   RO Data    RW Data    ZI Data      Debug   Library Member Name

        90          0          0          0          0          0   __dczerorl2.o
         8          0          0          0          0         68   __main.o
       104          0          0          0          0         84   __printf.o
         0          0          0          0          0          0   __rtentry.o
        12          0          0          0          0          0   __rtentry2.o
         6          0          0          0          0          0   __rtentry4.o
        52          8          0          0          0          0   __scatter.o
        28          0          0          0          0          0   __scatter_zi.o
        48          6          0          0          0         96   _printf_char_common.o
        36          4          0          0          0         80   _printf_char_file.o
         6          0          0          0          0          0   _printf_d.o
       120         16          0          0          0         92   _printf_dec.o
       178          0          0          0          0         88   _printf_intcommon.o
         0          0          0          0          0          0   _printf_percent.o
         4          0          0          0          0          0   _printf_percent_end.o
        22          0          0          0          0        100   _rserrno.o
        16          0          0          0          0         68   aeabi_memset.o
        18          0          0          0          0         80   exit.o
         8          0          0          0          0         68   ferror.o
         6          0          0          0          0        152   heapauxi.o
         2          0          0          0          0          0   libinit.o
         2          0          0          0          0          0   libinit2.o
         2          0          0          0          0          0   libshutdown.o
         2          0          0          0          0          0   libshutdown2.o
         8          4          0          0         96         68   libspace.o
        72          0          0          0          0         76   llsdiv.o
       238          0          0          0          0        100   lludivv7m.o
        88          0          0          0          0         76   memcmp.o
        24          4          0          0          0         84   noretval__2printf.o
         8          4          0          0          0         68   rt_errno_addr_intlibspace.o
        68          0          0          0          0         68   rt_memclr.o
        78          0          0          0          0         80   rt_memclr_w.o
         2          0          0          0          0          0   rtexit.o
        10          0          0          0          0          0   rtexit2.o
        74          0          0          0          0         80   sys_stackheap_outer.o
         2          0          0          0          0         68   use_no_semi.o
         2          0          0          0          0         68   use_no_semi_2.o
        98          4          0          0          0         92   d2f.o
       826         16          0          0          0        348   daddsub_clz.o
        16          4          0          0          0         68   dcheck1.o
        24          0          0          0          0         68   dcmpi.o
       688        140          0          0          0        208   ddiv.o
        94          4          0          0          0         92   dfix.o
        38          0          0          0          0         68   dflt_clz.o
       120          4          0          0          0         92   dleqf.o
       340         12          0          0          0        104   dmul.o
       156          4          0          0          0         92   dnaninf.o
        12          0          0          0          0         68   dretinf.o
       460         56          0          0          0        120   dsqrt_noumaal.o
        86          4          0          0          0         84   f2d.o
       450          8          0          0          0        236   faddsub_clz.o
        24          0          0          0          0         68   fcmpi.o
       388         76          0          0          0         96   fdiv.o
       104          4          0          0          0         84   feqf.o
        54          4          0          0          0         84   ffix.o
        62          4          0          0          0         84   ffixu.o
        86          0          0          0          0        136   fflt_clz.o
       104          4          0          0          0         84   fleqf.o
       258          4          0          0          0         84   fmul.o
       140          4          0          0          0         84   fnaninf.o
        10          0          0          0          0         68   fretinf.o
        98          0          0          0          0         68   frleqf.o
       100          0          0          0          0         68   retnan.o
        92          0          0          0          0         68   scalbn.o
        48          0          0          0          0         68   trapv.o
         0          0          0          0          0          0   usenofp.o
       624         52         80          0          0        168   asin.o
       544         70        152          0          0        124   atan.o
       384         38          0          0          0        144   atan2.o
        38          6          0          0          0        272   dunder.o
        40          0          0          0          0         68   fpclassify.o
       170          0          0          0          0         96   poly.o
         0          0          8          0          0          0   qnan.o
        76          0          0          0          0         84   sqrt.o

    ----------------------------------------------------------------------
      8318        568        240          0         96       5652   Library Totals
        22          0          0          0          0          0   (incl. Padding)

    ----------------------------------------------------------------------

      Code (inc. data)   RO Data    RW Data    ZI Data      Debug   Library Name

      1444         46          0          0         96       1812   c_w.l
      4976        356          0          0          0       2884   fz_ws.l
      1876        166        240          0          0        956   m_ws.l

    ----------------------------------------------------------------------
      8318        568        240          0         96       5652   Library Totals

    ----------------------------------------------------------------------

==============================================================================


      Code (inc. data)   RO Data    RW Data    ZI Data      Debug   

     38274       2242       6462        348       2836     414555   Grand Totals
     38274       2242       6462         84       2836     414555   ELF Image Totals (compressed)
     38274       2242       6462         84          0          0   ROM Totals

==============================================================================

    Total RO  Size (Code + RO Data)                44736 (  43.69kB)
    Total RW  Size (RW Data + ZI Data)              3184 (   3.11kB)
    Total ROM Size (Code + RO Data + RW Data)      44820 (  43.77kB)

==============================================================================

